23-10-2024 19:26:46.345 [main] [-] INFO  order-svc-c.p.e.order_svc.OrderSvcApplication.logStarting - Starting OrderSvcApplication using Java 22.0.2 with PID 3920 (D:\Prudhviraj_Study\All Projects\codeShuttle\1-100\eCom\order-svc\target\classes started by bavig in D:\Prudhviraj_Study\All Projects\codeShuttle\1-100\eCom)
23-10-2024 19:26:46.345 [main] [-] INFO  order-svc-c.p.e.order_svc.OrderSvcApplication.logStartupProfileInfo - The following 1 profile is active: "dev"
23-10-2024 19:26:46.393 [main] [-] INFO  order-svc-o.s.c.c.c.ConfigServerConfigDataLoader.logTo - Fetching config from server at : http://localhost:8888
23-10-2024 19:26:46.393 [main] [-] INFO  order-svc-o.s.c.c.c.ConfigServerConfigDataLoader.logTo - Located environment: name=order-svc, profiles=[default], label=null, version=3c08ce0b15f25f6fd3a4d9c2a14b60a5fc8042b3, state=null
23-10-2024 19:26:46.393 [main] [-] INFO  order-svc-o.s.c.c.c.ConfigServerConfigDataLoader.logTo - Fetching config from server at : http://localhost:8888
23-10-2024 19:26:46.393 [main] [-] INFO  order-svc-o.s.c.c.c.ConfigServerConfigDataLoader.logTo - Located environment: name=order-svc, profiles=[dev], label=null, version=3c08ce0b15f25f6fd3a4d9c2a14b60a5fc8042b3, state=null
23-10-2024 19:26:47.351 [main] [-] INFO  order-svc-o.s.d.r.c.RepositoryConfigurationDelegate.registerRepositoriesIn - Bootstrapping Spring Data JPA repositories in DEFAULT mode.
23-10-2024 19:26:47.461 [main] [-] INFO  order-svc-o.s.d.r.c.RepositoryConfigurationDelegate.registerRepositoriesIn - Finished Spring Data repository scanning in 104 ms. Found 1 JPA repository interface.
23-10-2024 19:26:47.823 [main] [-] INFO  order-svc-o.s.cloud.context.scope.GenericScope.setSerializationId - BeanFactory id=8efef643-ed06-3d4b-9a3f-a11586a8cf3c
23-10-2024 19:26:48.184 [main] [-] WARN  order-svc-o.s.c.s.PostProcessorRegistrationDelegate$BeanPostProcessorChecker.postProcessAfterInitialization - Bean 'org.springframework.cloud.client.loadbalancer.LoadBalancerAutoConfiguration$DeferringLoadBalancerInterceptorConfig' of type [org.springframework.cloud.client.loadbalancer.LoadBalancerAutoConfiguration$DeferringLoadBalancerInterceptorConfig] is not eligible for getting processed by all BeanPostProcessors (for example: not eligible for auto-proxying). The currently created BeanPostProcessor [lbRestClientPostProcessor] is declared through a non-static factory method on that class; consider declaring it as static instead.
23-10-2024 19:26:48.184 [main] [-] WARN  order-svc-o.s.c.s.PostProcessorRegistrationDelegate$BeanPostProcessorChecker.postProcessAfterInitialization - Bean 'deferringLoadBalancerInterceptor' of type [org.springframework.cloud.client.loadbalancer.DeferringLoadBalancerInterceptor] is not eligible for getting processed by all BeanPostProcessors (for example: not eligible for auto-proxying). Is this bean getting eagerly injected into a currently created BeanPostProcessor [lbRestClientPostProcessor]? Check the corresponding BeanPostProcessor declaration and its dependencies.
23-10-2024 19:26:48.576 [main] [-] INFO  order-svc-o.s.b.w.e.tomcat.TomcatWebServer.initialize - Tomcat initialized with port 9020 (http)
23-10-2024 19:26:48.592 [main] [-] INFO  order-svc-o.a.coyote.http11.Http11NioProtocol.log - Initializing ProtocolHandler ["http-nio-9020"]
23-10-2024 19:26:48.592 [main] [-] INFO  order-svc-o.a.catalina.core.StandardService.log - Starting service [Tomcat]
23-10-2024 19:26:48.592 [main] [-] INFO  order-svc-o.a.catalina.core.StandardEngine.log - Starting Servlet engine: [Apache Tomcat/10.1.30]
23-10-2024 19:26:48.672 [main] [-] INFO  order-svc-o.a.c.c.C.[.[localhost].[/orders].log - Initializing Spring embedded WebApplicationContext
23-10-2024 19:26:48.672 [main] [-] INFO  order-svc-o.s.b.w.s.c.ServletWebServerApplicationContext.prepareWebApplicationContext - Root WebApplicationContext: initialization completed in 2279 ms
23-10-2024 19:26:49.423 [main] [-] INFO  order-svc-o.h.jpa.internal.util.LogHelper.logPersistenceUnitInformation - HHH000204: Processing PersistenceUnitInfo [name: default]
23-10-2024 19:26:49.486 [main] [-] INFO  order-svc-org.hibernate.Version.logVersion - HHH000412: Hibernate ORM core version 6.5.3.Final
23-10-2024 19:26:49.533 [main] [-] INFO  order-svc-o.h.c.i.RegionFactoryInitiator.initiateService - HHH000026: Second-level cache disabled
23-10-2024 19:26:49.815 [main] [-] INFO  order-svc-o.s.o.j.p.SpringPersistenceUnitInfo.addTransformer - No LoadTimeWeaver setup: ignoring JPA class transformer
23-10-2024 19:26:49.847 [main] [-] INFO  order-svc-com.zaxxer.hikari.HikariDataSource.getConnection - HikariPool-1 - Starting...
23-10-2024 19:26:50.098 [main] [-] INFO  order-svc-com.zaxxer.hikari.pool.HikariPool.checkFailFast - HikariPool-1 - Added connection com.mysql.cj.jdbc.ConnectionImpl@307ba188
23-10-2024 19:26:50.098 [main] [-] INFO  order-svc-com.zaxxer.hikari.HikariDataSource.getConnection - HikariPool-1 - Start completed.
23-10-2024 19:26:50.911 [main] [-] INFO  order-svc-o.h.e.t.j.p.i.JtaPlatformInitiator.initiateService - HHH000489: No JTA platform available (set 'hibernate.transaction.jta.platform' to enable JTA platform integration)
23-10-2024 19:26:50.958 [main] [-] INFO  order-svc-o.s.o.j.LocalContainerEntityManagerFactoryBean.buildNativeEntityManagerFactory - Initialized JPA EntityManagerFactory for persistence unit 'default'
23-10-2024 19:26:51.397 [main] [-] WARN  order-svc-o.s.b.a.o.j.JpaBaseConfiguration$JpaWebConfiguration.openEntityManagerInViewInterceptor - spring.jpa.open-in-view is enabled by default. Therefore, database queries may be performed during view rendering. Explicitly configure spring.jpa.open-in-view to disable this warning
23-10-2024 19:26:52.477 [main] [-] INFO  order-svc-o.s.cloud.commons.util.InetUtils.convertAddress - Cannot determine local hostname
23-10-2024 19:26:52.523 [main] [-] INFO  order-svc-o.s.c.o.FeignClientFactoryBean.getTarget - For 'inventory-svc' URL not provided. Will try picking an instance via load-balancing.
23-10-2024 19:26:54.907 [main] [-] INFO  order-svc-o.s.cloud.commons.util.InetUtils.convertAddress - Cannot determine local hostname
23-10-2024 19:26:54.926 [main] [-] INFO  order-svc-o.s.c.n.e.c.DiscoveryClientOptionalArgsConfiguration.restTemplateDiscoveryClientOptionalArgs - Eureka HTTP Client uses RestTemplate.
23-10-2024 19:26:54.986 [main] [-] WARN  order-svc-o.s.c.l.c.LoadBalancerCacheAutoConfiguration$LoadBalancerCaffeineWarnLogger.afterPropertiesSet - Spring Cloud LoadBalancer is currently working with the default cache. While this cache implementation is useful for development and tests, it's recommended to use Caffeine cache in production.You can switch to using Caffeine cache, by adding it and org.springframework.cache.caffeine.CaffeineCacheManager to the classpath.
23-10-2024 19:26:55.002 [main] [-] INFO  order-svc-o.s.b.a.e.web.EndpointLinksResolver.<init> - Exposing 25 endpoints beneath base path '/actuator'
23-10-2024 19:26:55.064 [main] [-] INFO  order-svc-o.s.c.n.eureka.InstanceInfoFactory.create - Setting initial instance status as: STARTING
23-10-2024 19:26:55.080 [main] [-] INFO  order-svc-c.netflix.discovery.DiscoveryClient.<init> - Initializing Eureka in region us-east-1
23-10-2024 19:26:55.080 [main] [-] INFO  order-svc-c.n.d.s.r.aws.ConfigClusterResolver.getClusterEndpoints - Resolving eureka endpoints via configuration
23-10-2024 19:26:55.096 [main] [-] INFO  order-svc-c.netflix.discovery.DiscoveryClient.fetchRegistry - Disable delta property : false
23-10-2024 19:26:55.096 [main] [-] INFO  order-svc-c.netflix.discovery.DiscoveryClient.fetchRegistry - Single vip registry refresh property : null
23-10-2024 19:26:55.096 [main] [-] INFO  order-svc-c.netflix.discovery.DiscoveryClient.fetchRegistry - Force full registry fetch : false
23-10-2024 19:26:55.096 [main] [-] INFO  order-svc-c.netflix.discovery.DiscoveryClient.fetchRegistry - Application is null : false
23-10-2024 19:26:55.096 [main] [-] INFO  order-svc-c.netflix.discovery.DiscoveryClient.fetchRegistry - Registered Applications size is zero : true
23-10-2024 19:26:55.096 [main] [-] INFO  order-svc-c.netflix.discovery.DiscoveryClient.fetchRegistry - Application version is -1: true
23-10-2024 19:26:55.096 [main] [-] INFO  order-svc-c.netflix.discovery.DiscoveryClient.getAndStoreFullRegistry - Getting all instance registry info from the eureka server
23-10-2024 19:26:55.237 [main] [-] INFO  order-svc-c.netflix.discovery.DiscoveryClient.getAndStoreFullRegistry - The response status is 200
23-10-2024 19:26:55.237 [main] [-] INFO  order-svc-c.netflix.discovery.DiscoveryClient.initScheduledTasks - Starting heartbeat executor: renew interval is: 30
23-10-2024 19:26:55.237 [main] [-] INFO  order-svc-c.n.discovery.InstanceInfoReplicator.<init> - InstanceInfoReplicator onDemand update allowed rate per min is 4
23-10-2024 19:26:55.237 [main] [-] INFO  order-svc-c.netflix.discovery.DiscoveryClient.<init> - Discovery Client initialized at timestamp 1729691815237 with initial instances count: 4
23-10-2024 19:26:55.252 [main] [-] INFO  order-svc-o.s.c.n.e.s.EurekaServiceRegistry.register - Registering application ORDER-SVC with eureka with status UP
23-10-2024 19:26:55.252 [main] [-] INFO  order-svc-c.netflix.discovery.DiscoveryClient.notify - Saw local status change event StatusChangeEvent [timestamp=1729691815252, current=UP, previous=STARTING]
23-10-2024 19:26:55.252 [DiscoveryClient-InstanceInfoReplicator-%d] [-] INFO  order-svc-c.netflix.discovery.DiscoveryClient.register - DiscoveryClient_ORDER-SVC/localhost:order-svc:9020: registering service...
23-10-2024 19:26:55.252 [main] [-] INFO  order-svc-o.a.coyote.http11.Http11NioProtocol.log - Starting ProtocolHandler ["http-nio-9020"]
23-10-2024 19:26:55.284 [main] [-] INFO  order-svc-o.s.b.w.e.tomcat.TomcatWebServer.start - Tomcat started on port 9020 (http) with context path '/orders'
23-10-2024 19:26:55.284 [main] [-] INFO  order-svc-o.s.c.n.e.s.EurekaAutoServiceRegistration.onApplicationEvent - Updating port to 9020
23-10-2024 19:26:55.300 [DiscoveryClient-InstanceInfoReplicator-%d] [-] INFO  order-svc-c.netflix.discovery.DiscoveryClient.register - DiscoveryClient_ORDER-SVC/localhost:order-svc:9020 - registration status: 204
23-10-2024 19:26:56.272 [AsyncReporter{ZipkinRestTemplateSender{http://localhost:9411/api/v2/spans}}] [-] WARN  order-svc-z.r.i.AsyncReporter$BoundedAsyncReporter.flush - Spans were dropped due to exceptions. All subsequent errors will be logged at FINE level.
23-10-2024 19:26:56.272 [AsyncReporter{ZipkinRestTemplateSender{http://localhost:9411/api/v2/spans}}] [-] WARN  order-svc-z.r.i.AsyncReporter$BoundedAsyncReporter.flush - Dropped 2 spans due to ResourceAccessException(I/O error on POST request for "http://localhost:9411/api/v2/spans": Connect to http://localhost:9411 [localhost/127.0.0.1, localhost/0:0:0:0:0:0:0:1] failed: Connection refused: getsockopt)
org.springframework.web.client.ResourceAccessException: I/O error on POST request for "http://localhost:9411/api/v2/spans": Connect to http://localhost:9411 [localhost/127.0.0.1, localhost/0:0:0:0:0:0:0:1] failed: Connection refused: getsockopt
	at org.springframework.web.client.RestTemplate.createResourceAccessException(RestTemplate.java:915)
	at org.springframework.web.client.RestTemplate.doExecute(RestTemplate.java:895)
	at org.springframework.web.client.RestTemplate.execute(RestTemplate.java:830)
	at org.springframework.web.client.RestTemplate.exchange(RestTemplate.java:691)
	at org.springframework.boot.actuate.autoconfigure.tracing.zipkin.ZipkinRestTemplateSender.postSpans(ZipkinRestTemplateSender.java:50)
	at org.springframework.boot.actuate.autoconfigure.tracing.zipkin.HttpSender.postSpans(HttpSender.java:69)
	at org.springframework.boot.actuate.autoconfigure.tracing.zipkin.HttpSender.postSpans(HttpSender.java:41)
	at zipkin2.reporter.BaseHttpSender.send(BaseHttpSender.java:123)
	at zipkin2.reporter.internal.AsyncReporter$BoundedAsyncReporter.flush(AsyncReporter.java:266)
	at zipkin2.reporter.internal.AsyncReporter$Flusher.run(AsyncReporter.java:352)
	at java.base/java.lang.Thread.run(Thread.java:1570)
Caused by: org.apache.hc.client5.http.HttpHostConnectException: Connect to http://localhost:9411 [localhost/127.0.0.1, localhost/0:0:0:0:0:0:0:1] failed: Connection refused: getsockopt
	at java.base/sun.nio.ch.Net.pollConnect(Native Method)
	at java.base/sun.nio.ch.Net.pollConnectNow(Net.java:682)
	at java.base/sun.nio.ch.NioSocketImpl.timedFinishConnect(NioSocketImpl.java:542)
	at java.base/sun.nio.ch.NioSocketImpl.connect(NioSocketImpl.java:592)
	at java.base/java.net.SocksSocketImpl.connect(SocksSocketImpl.java:327)
	at java.base/java.net.Socket.connect(Socket.java:752)
	at org.apache.hc.client5.http.socket.PlainConnectionSocketFactory.lambda$connectSocket$0(PlainConnectionSocketFactory.java:91)
	at java.base/java.security.AccessController.doPrivileged(AccessController.java:571)
	at org.apache.hc.client5.http.socket.PlainConnectionSocketFactory.connectSocket(PlainConnectionSocketFactory.java:90)
	at org.apache.hc.client5.http.socket.ConnectionSocketFactory.connectSocket(ConnectionSocketFactory.java:123)
	at org.apache.hc.client5.http.impl.io.DefaultHttpClientConnectionOperator.connect(DefaultHttpClientConnectionOperator.java:189)
	at org.apache.hc.client5.http.impl.io.PoolingHttpClientConnectionManager.connect(PoolingHttpClientConnectionManager.java:450)
	at org.apache.hc.client5.http.impl.classic.InternalExecRuntime.connectEndpoint(InternalExecRuntime.java:162)
	at org.apache.hc.client5.http.impl.classic.InternalExecRuntime.connectEndpoint(InternalExecRuntime.java:172)
	at org.apache.hc.client5.http.impl.classic.ConnectExec.execute(ConnectExec.java:142)
	at org.apache.hc.client5.http.impl.classic.ExecChainElement.execute(ExecChainElement.java:51)
	at org.apache.hc.client5.http.impl.classic.ProtocolExec.execute(ProtocolExec.java:192)
	at org.apache.hc.client5.http.impl.classic.ExecChainElement.execute(ExecChainElement.java:51)
	at org.apache.hc.client5.http.impl.classic.HttpRequestRetryExec.execute(HttpRequestRetryExec.java:113)
	at org.apache.hc.client5.http.impl.classic.ExecChainElement.execute(ExecChainElement.java:51)
	at org.apache.hc.client5.http.impl.classic.ContentCompressionExec.execute(ContentCompressionExec.java:152)
	at org.apache.hc.client5.http.impl.classic.ExecChainElement.execute(ExecChainElement.java:51)
	at org.apache.hc.client5.http.impl.classic.RedirectExec.execute(RedirectExec.java:116)
	at org.apache.hc.client5.http.impl.classic.ExecChainElement.execute(ExecChainElement.java:51)
	at org.apache.hc.client5.http.impl.classic.InternalHttpClient.doExecute(InternalHttpClient.java:170)
	at org.apache.hc.client5.http.impl.classic.CloseableHttpClient.execute(CloseableHttpClient.java:87)
	at org.apache.hc.client5.http.impl.classic.CloseableHttpClient.execute(CloseableHttpClient.java:55)
	at org.apache.hc.client5.http.classic.HttpClient.executeOpen(HttpClient.java:183)
	at org.springframework.http.client.HttpComponentsClientHttpRequest.executeInternal(HttpComponentsClientHttpRequest.java:99)
	at org.springframework.http.client.AbstractStreamingClientHttpRequest.executeInternal(AbstractStreamingClientHttpRequest.java:70)
	at org.springframework.http.client.AbstractClientHttpRequest.execute(AbstractClientHttpRequest.java:66)
	at org.springframework.web.client.RestTemplate.doExecute(RestTemplate.java:889)
	... 9 common frames omitted
23-10-2024 19:26:56.304 [main] [-] INFO  order-svc-o.s.cloud.commons.util.InetUtils.convertAddress - Cannot determine local hostname
23-10-2024 19:26:56.319 [main] [-] INFO  order-svc-c.p.e.order_svc.OrderSvcApplication.logStarted - Started OrderSvcApplication in 15.164 seconds (process running for 15.783)
23-10-2024 19:31:55.127 [AsyncResolver-bootstrap-executor-%d] [-] INFO  order-svc-c.n.d.s.r.aws.ConfigClusterResolver.getClusterEndpoints - Resolving eureka endpoints via configuration
23-10-2024 19:36:55.138 [AsyncResolver-bootstrap-executor-%d] [-] INFO  order-svc-c.n.d.s.r.aws.ConfigClusterResolver.getClusterEndpoints - Resolving eureka endpoints via configuration
23-10-2024 19:41:55.153 [AsyncResolver-bootstrap-executor-%d] [-] INFO  order-svc-c.n.d.s.r.aws.ConfigClusterResolver.getClusterEndpoints - Resolving eureka endpoints via configuration
23-10-2024 19:46:55.163 [AsyncResolver-bootstrap-executor-%d] [-] INFO  order-svc-c.n.d.s.r.aws.ConfigClusterResolver.getClusterEndpoints - Resolving eureka endpoints via configuration
23-10-2024 19:51:55.171 [AsyncResolver-bootstrap-executor-%d] [-] INFO  order-svc-c.n.d.s.r.aws.ConfigClusterResolver.getClusterEndpoints - Resolving eureka endpoints via configuration
23-10-2024 19:56:55.176 [AsyncResolver-bootstrap-executor-%d] [-] INFO  order-svc-c.n.d.s.r.aws.ConfigClusterResolver.getClusterEndpoints - Resolving eureka endpoints via configuration
23-10-2024 20:01:55.188 [AsyncResolver-bootstrap-executor-%d] [-] INFO  order-svc-c.n.d.s.r.aws.ConfigClusterResolver.getClusterEndpoints - Resolving eureka endpoints via configuration
23-10-2024 20:06:55.190 [AsyncResolver-bootstrap-executor-%d] [-] INFO  order-svc-c.n.d.s.r.aws.ConfigClusterResolver.getClusterEndpoints - Resolving eureka endpoints via configuration
23-10-2024 20:11:55.202 [AsyncResolver-bootstrap-executor-%d] [-] INFO  order-svc-c.n.d.s.r.aws.ConfigClusterResolver.getClusterEndpoints - Resolving eureka endpoints via configuration
23-10-2024 20:16:55.221 [AsyncResolver-bootstrap-executor-%d] [-] INFO  order-svc-c.n.d.s.r.aws.ConfigClusterResolver.getClusterEndpoints - Resolving eureka endpoints via configuration
23-10-2024 20:21:55.230 [AsyncResolver-bootstrap-executor-%d] [-] INFO  order-svc-c.n.d.s.r.aws.ConfigClusterResolver.getClusterEndpoints - Resolving eureka endpoints via configuration
23-10-2024 20:26:55.242 [AsyncResolver-bootstrap-executor-%d] [-] INFO  order-svc-c.n.d.s.r.aws.ConfigClusterResolver.getClusterEndpoints - Resolving eureka endpoints via configuration
23-10-2024 20:31:55.256 [AsyncResolver-bootstrap-executor-%d] [-] INFO  order-svc-c.n.d.s.r.aws.ConfigClusterResolver.getClusterEndpoints - Resolving eureka endpoints via configuration
23-10-2024 20:36:55.273 [AsyncResolver-bootstrap-executor-%d] [-] INFO  order-svc-c.n.d.s.r.aws.ConfigClusterResolver.getClusterEndpoints - Resolving eureka endpoints via configuration
23-10-2024 23:04:12.442 [main] [-] INFO  order-svc-c.p.e.order_svc.OrderSvcApplication.logStarting - Starting OrderSvcApplication using Java 22.0.2 with PID 25628 (D:\Prudhviraj_Study\All Projects\codeShuttle\1-100\eCom\order-svc\target\classes started by bavig in D:\Prudhviraj_Study\All Projects\codeShuttle\1-100\eCom)
23-10-2024 23:04:12.450 [main] [-] INFO  order-svc-c.p.e.order_svc.OrderSvcApplication.logStartupProfileInfo - The following 1 profile is active: "dev"
23-10-2024 23:04:12.610 [main] [-] INFO  order-svc-o.s.c.c.c.ConfigServerConfigDataLoader.logTo - Fetching config from server at : http://localhost:8888
23-10-2024 23:04:12.612 [main] [-] INFO  order-svc-o.s.c.c.c.ConfigServerConfigDataLoader.logTo - Located environment: name=order-svc, profiles=[default], label=null, version=3c08ce0b15f25f6fd3a4d9c2a14b60a5fc8042b3, state=null
23-10-2024 23:04:12.613 [main] [-] INFO  order-svc-o.s.c.c.c.ConfigServerConfigDataLoader.logTo - Fetching config from server at : http://localhost:8888
23-10-2024 23:04:12.614 [main] [-] INFO  order-svc-o.s.c.c.c.ConfigServerConfigDataLoader.logTo - Located environment: name=order-svc, profiles=[dev], label=null, version=3c08ce0b15f25f6fd3a4d9c2a14b60a5fc8042b3, state=null
23-10-2024 23:04:16.276 [main] [-] INFO  order-svc-o.s.d.r.c.RepositoryConfigurationDelegate.registerRepositoriesIn - Bootstrapping Spring Data JPA repositories in DEFAULT mode.
23-10-2024 23:04:16.788 [main] [-] INFO  order-svc-o.s.d.r.c.RepositoryConfigurationDelegate.registerRepositoriesIn - Finished Spring Data repository scanning in 478 ms. Found 1 JPA repository interface.
23-10-2024 23:04:18.155 [main] [-] INFO  order-svc-o.s.cloud.context.scope.GenericScope.setSerializationId - BeanFactory id=8efef643-ed06-3d4b-9a3f-a11586a8cf3c
23-10-2024 23:04:19.475 [main] [-] WARN  order-svc-o.s.c.s.PostProcessorRegistrationDelegate$BeanPostProcessorChecker.postProcessAfterInitialization - Bean 'org.springframework.cloud.client.loadbalancer.LoadBalancerAutoConfiguration$DeferringLoadBalancerInterceptorConfig' of type [org.springframework.cloud.client.loadbalancer.LoadBalancerAutoConfiguration$DeferringLoadBalancerInterceptorConfig] is not eligible for getting processed by all BeanPostProcessors (for example: not eligible for auto-proxying). The currently created BeanPostProcessor [lbRestClientPostProcessor] is declared through a non-static factory method on that class; consider declaring it as static instead.
23-10-2024 23:04:19.496 [main] [-] WARN  order-svc-o.s.c.s.PostProcessorRegistrationDelegate$BeanPostProcessorChecker.postProcessAfterInitialization - Bean 'deferringLoadBalancerInterceptor' of type [org.springframework.cloud.client.loadbalancer.DeferringLoadBalancerInterceptor] is not eligible for getting processed by all BeanPostProcessors (for example: not eligible for auto-proxying). Is this bean getting eagerly injected into a currently created BeanPostProcessor [lbRestClientPostProcessor]? Check the corresponding BeanPostProcessor declaration and its dependencies.
23-10-2024 23:04:20.862 [main] [-] INFO  order-svc-o.s.b.w.e.tomcat.TomcatWebServer.initialize - Tomcat initialized with port 9020 (http)
23-10-2024 23:04:20.893 [main] [-] INFO  order-svc-o.a.coyote.http11.Http11NioProtocol.log - Initializing ProtocolHandler ["http-nio-9020"]
23-10-2024 23:04:20.909 [main] [-] INFO  order-svc-o.a.catalina.core.StandardService.log - Starting service [Tomcat]
23-10-2024 23:04:20.911 [main] [-] INFO  order-svc-o.a.catalina.core.StandardEngine.log - Starting Servlet engine: [Apache Tomcat/10.1.30]
23-10-2024 23:04:21.256 [main] [-] INFO  order-svc-o.a.c.c.C.[.[localhost].[/orders].log - Initializing Spring embedded WebApplicationContext
23-10-2024 23:04:21.258 [main] [-] INFO  order-svc-o.s.b.w.s.c.ServletWebServerApplicationContext.prepareWebApplicationContext - Root WebApplicationContext: initialization completed in 8636 ms
23-10-2024 23:04:24.076 [main] [-] INFO  order-svc-o.h.jpa.internal.util.LogHelper.logPersistenceUnitInformation - HHH000204: Processing PersistenceUnitInfo [name: default]
23-10-2024 23:04:24.319 [main] [-] INFO  order-svc-org.hibernate.Version.logVersion - HHH000412: Hibernate ORM core version 6.5.3.Final
23-10-2024 23:04:24.453 [main] [-] INFO  order-svc-o.h.c.i.RegionFactoryInitiator.initiateService - HHH000026: Second-level cache disabled
23-10-2024 23:04:25.632 [main] [-] INFO  order-svc-o.s.o.j.p.SpringPersistenceUnitInfo.addTransformer - No LoadTimeWeaver setup: ignoring JPA class transformer
23-10-2024 23:04:25.742 [main] [-] INFO  order-svc-com.zaxxer.hikari.HikariDataSource.getConnection - HikariPool-1 - Starting...
23-10-2024 23:04:26.841 [main] [-] INFO  order-svc-com.zaxxer.hikari.pool.HikariPool.checkFailFast - HikariPool-1 - Added connection com.mysql.cj.jdbc.ConnectionImpl@76685ab0
23-10-2024 23:04:26.850 [main] [-] INFO  order-svc-com.zaxxer.hikari.HikariDataSource.getConnection - HikariPool-1 - Start completed.
23-10-2024 23:04:30.223 [main] [-] INFO  order-svc-o.h.e.t.j.p.i.JtaPlatformInitiator.initiateService - HHH000489: No JTA platform available (set 'hibernate.transaction.jta.platform' to enable JTA platform integration)
23-10-2024 23:04:30.492 [main] [-] INFO  order-svc-o.s.o.j.LocalContainerEntityManagerFactoryBean.buildNativeEntityManagerFactory - Initialized JPA EntityManagerFactory for persistence unit 'default'
23-10-2024 23:04:32.027 [main] [-] WARN  order-svc-o.s.b.a.o.j.JpaBaseConfiguration$JpaWebConfiguration.openEntityManagerInViewInterceptor - spring.jpa.open-in-view is enabled by default. Therefore, database queries may be performed during view rendering. Explicitly configure spring.jpa.open-in-view to disable this warning
23-10-2024 23:04:33.332 [main] [-] INFO  order-svc-o.s.cloud.commons.util.InetUtils.convertAddress - Cannot determine local hostname
23-10-2024 23:04:33.493 [main] [-] INFO  order-svc-o.s.c.o.FeignClientFactoryBean.getTarget - For 'inventory-svc' URL not provided. Will try picking an instance via load-balancing.
23-10-2024 23:04:39.358 [main] [-] INFO  order-svc-o.s.cloud.commons.util.InetUtils.convertAddress - Cannot determine local hostname
23-10-2024 23:04:39.448 [main] [-] INFO  order-svc-o.s.c.n.e.c.DiscoveryClientOptionalArgsConfiguration.restTemplateDiscoveryClientOptionalArgs - Eureka HTTP Client uses RestTemplate.
23-10-2024 23:04:39.622 [main] [-] WARN  order-svc-o.s.c.l.c.LoadBalancerCacheAutoConfiguration$LoadBalancerCaffeineWarnLogger.afterPropertiesSet - Spring Cloud LoadBalancer is currently working with the default cache. While this cache implementation is useful for development and tests, it's recommended to use Caffeine cache in production.You can switch to using Caffeine cache, by adding it and org.springframework.cache.caffeine.CaffeineCacheManager to the classpath.
23-10-2024 23:04:39.710 [main] [-] INFO  order-svc-o.s.b.a.e.web.EndpointLinksResolver.<init> - Exposing 25 endpoints beneath base path '/actuator'
23-10-2024 23:04:39.953 [main] [-] INFO  order-svc-o.s.c.n.eureka.InstanceInfoFactory.create - Setting initial instance status as: STARTING
23-10-2024 23:04:40.072 [main] [-] INFO  order-svc-c.netflix.discovery.DiscoveryClient.<init> - Initializing Eureka in region us-east-1
23-10-2024 23:04:40.087 [main] [-] INFO  order-svc-c.n.d.s.r.aws.ConfigClusterResolver.getClusterEndpoints - Resolving eureka endpoints via configuration
23-10-2024 23:04:40.117 [main] [-] INFO  order-svc-c.netflix.discovery.DiscoveryClient.fetchRegistry - Disable delta property : false
23-10-2024 23:04:40.118 [main] [-] INFO  order-svc-c.netflix.discovery.DiscoveryClient.fetchRegistry - Single vip registry refresh property : null
23-10-2024 23:04:40.119 [main] [-] INFO  order-svc-c.netflix.discovery.DiscoveryClient.fetchRegistry - Force full registry fetch : false
23-10-2024 23:04:40.119 [main] [-] INFO  order-svc-c.netflix.discovery.DiscoveryClient.fetchRegistry - Application is null : false
23-10-2024 23:04:40.120 [main] [-] INFO  order-svc-c.netflix.discovery.DiscoveryClient.fetchRegistry - Registered Applications size is zero : true
23-10-2024 23:04:40.120 [main] [-] INFO  order-svc-c.netflix.discovery.DiscoveryClient.fetchRegistry - Application version is -1: true
23-10-2024 23:04:40.121 [main] [-] INFO  order-svc-c.netflix.discovery.DiscoveryClient.getAndStoreFullRegistry - Getting all instance registry info from the eureka server
23-10-2024 23:04:40.636 [main] [-] INFO  order-svc-c.netflix.discovery.DiscoveryClient.getAndStoreFullRegistry - The response status is 200
23-10-2024 23:04:40.637 [main] [-] INFO  order-svc-c.netflix.discovery.DiscoveryClient.initScheduledTasks - Starting heartbeat executor: renew interval is: 30
23-10-2024 23:04:40.647 [main] [-] INFO  order-svc-c.n.discovery.InstanceInfoReplicator.<init> - InstanceInfoReplicator onDemand update allowed rate per min is 4
23-10-2024 23:04:40.647 [main] [-] INFO  order-svc-c.netflix.discovery.DiscoveryClient.<init> - Discovery Client initialized at timestamp 1729704880647 with initial instances count: 1
23-10-2024 23:04:40.677 [main] [-] INFO  order-svc-o.s.c.n.e.s.EurekaServiceRegistry.register - Registering application ORDER-SVC with eureka with status UP
23-10-2024 23:04:40.684 [main] [-] INFO  order-svc-c.netflix.discovery.DiscoveryClient.notify - Saw local status change event StatusChangeEvent [timestamp=1729704880684, current=UP, previous=STARTING]
23-10-2024 23:04:40.684 [DiscoveryClient-InstanceInfoReplicator-%d] [-] INFO  order-svc-c.netflix.discovery.DiscoveryClient.register - DiscoveryClient_ORDER-SVC/localhost:order-svc:9020: registering service...
23-10-2024 23:04:40.684 [main] [-] INFO  order-svc-o.a.coyote.http11.Http11NioProtocol.log - Starting ProtocolHandler ["http-nio-9020"]
23-10-2024 23:04:40.752 [main] [-] INFO  order-svc-o.s.b.w.e.tomcat.TomcatWebServer.start - Tomcat started on port 9020 (http) with context path '/orders'
23-10-2024 23:04:40.760 [main] [-] INFO  order-svc-o.s.c.n.e.s.EurekaAutoServiceRegistration.onApplicationEvent - Updating port to 9020
23-10-2024 23:04:40.820 [DiscoveryClient-InstanceInfoReplicator-%d] [-] INFO  order-svc-c.netflix.discovery.DiscoveryClient.register - DiscoveryClient_ORDER-SVC/localhost:order-svc:9020 - registration status: 204
23-10-2024 23:04:41.646 [AsyncReporter{ZipkinRestTemplateSender{http://localhost:9411/api/v2/spans}}] [-] WARN  order-svc-z.r.i.AsyncReporter$BoundedAsyncReporter.flush - Spans were dropped due to exceptions. All subsequent errors will be logged at FINE level.
23-10-2024 23:04:41.646 [AsyncReporter{ZipkinRestTemplateSender{http://localhost:9411/api/v2/spans}}] [-] WARN  order-svc-z.r.i.AsyncReporter$BoundedAsyncReporter.flush - Dropped 2 spans due to ResourceAccessException(I/O error on POST request for "http://localhost:9411/api/v2/spans": Connect to http://localhost:9411 [localhost/127.0.0.1, localhost/0:0:0:0:0:0:0:1] failed: Connection refused: getsockopt)
org.springframework.web.client.ResourceAccessException: I/O error on POST request for "http://localhost:9411/api/v2/spans": Connect to http://localhost:9411 [localhost/127.0.0.1, localhost/0:0:0:0:0:0:0:1] failed: Connection refused: getsockopt
	at org.springframework.web.client.RestTemplate.createResourceAccessException(RestTemplate.java:915)
	at org.springframework.web.client.RestTemplate.doExecute(RestTemplate.java:895)
	at org.springframework.web.client.RestTemplate.execute(RestTemplate.java:830)
	at org.springframework.web.client.RestTemplate.exchange(RestTemplate.java:691)
	at org.springframework.boot.actuate.autoconfigure.tracing.zipkin.ZipkinRestTemplateSender.postSpans(ZipkinRestTemplateSender.java:50)
	at org.springframework.boot.actuate.autoconfigure.tracing.zipkin.HttpSender.postSpans(HttpSender.java:69)
	at org.springframework.boot.actuate.autoconfigure.tracing.zipkin.HttpSender.postSpans(HttpSender.java:41)
	at zipkin2.reporter.BaseHttpSender.send(BaseHttpSender.java:123)
	at zipkin2.reporter.internal.AsyncReporter$BoundedAsyncReporter.flush(AsyncReporter.java:266)
	at zipkin2.reporter.internal.AsyncReporter$Flusher.run(AsyncReporter.java:352)
	at java.base/java.lang.Thread.run(Thread.java:1570)
Caused by: org.apache.hc.client5.http.HttpHostConnectException: Connect to http://localhost:9411 [localhost/127.0.0.1, localhost/0:0:0:0:0:0:0:1] failed: Connection refused: getsockopt
	at java.base/sun.nio.ch.Net.pollConnect(Native Method)
	at java.base/sun.nio.ch.Net.pollConnectNow(Net.java:682)
	at java.base/sun.nio.ch.NioSocketImpl.timedFinishConnect(NioSocketImpl.java:542)
	at java.base/sun.nio.ch.NioSocketImpl.connect(NioSocketImpl.java:592)
	at java.base/java.net.SocksSocketImpl.connect(SocksSocketImpl.java:327)
	at java.base/java.net.Socket.connect(Socket.java:752)
	at org.apache.hc.client5.http.socket.PlainConnectionSocketFactory.lambda$connectSocket$0(PlainConnectionSocketFactory.java:91)
	at java.base/java.security.AccessController.doPrivileged(AccessController.java:571)
	at org.apache.hc.client5.http.socket.PlainConnectionSocketFactory.connectSocket(PlainConnectionSocketFactory.java:90)
	at org.apache.hc.client5.http.socket.ConnectionSocketFactory.connectSocket(ConnectionSocketFactory.java:123)
	at org.apache.hc.client5.http.impl.io.DefaultHttpClientConnectionOperator.connect(DefaultHttpClientConnectionOperator.java:189)
	at org.apache.hc.client5.http.impl.io.PoolingHttpClientConnectionManager.connect(PoolingHttpClientConnectionManager.java:450)
	at org.apache.hc.client5.http.impl.classic.InternalExecRuntime.connectEndpoint(InternalExecRuntime.java:162)
	at org.apache.hc.client5.http.impl.classic.InternalExecRuntime.connectEndpoint(InternalExecRuntime.java:172)
	at org.apache.hc.client5.http.impl.classic.ConnectExec.execute(ConnectExec.java:142)
	at org.apache.hc.client5.http.impl.classic.ExecChainElement.execute(ExecChainElement.java:51)
	at org.apache.hc.client5.http.impl.classic.ProtocolExec.execute(ProtocolExec.java:192)
	at org.apache.hc.client5.http.impl.classic.ExecChainElement.execute(ExecChainElement.java:51)
	at org.apache.hc.client5.http.impl.classic.HttpRequestRetryExec.execute(HttpRequestRetryExec.java:113)
	at org.apache.hc.client5.http.impl.classic.ExecChainElement.execute(ExecChainElement.java:51)
	at org.apache.hc.client5.http.impl.classic.ContentCompressionExec.execute(ContentCompressionExec.java:152)
	at org.apache.hc.client5.http.impl.classic.ExecChainElement.execute(ExecChainElement.java:51)
	at org.apache.hc.client5.http.impl.classic.RedirectExec.execute(RedirectExec.java:116)
	at org.apache.hc.client5.http.impl.classic.ExecChainElement.execute(ExecChainElement.java:51)
	at org.apache.hc.client5.http.impl.classic.InternalHttpClient.doExecute(InternalHttpClient.java:170)
	at org.apache.hc.client5.http.impl.classic.CloseableHttpClient.execute(CloseableHttpClient.java:87)
	at org.apache.hc.client5.http.impl.classic.CloseableHttpClient.execute(CloseableHttpClient.java:55)
	at org.apache.hc.client5.http.classic.HttpClient.executeOpen(HttpClient.java:183)
	at org.springframework.http.client.HttpComponentsClientHttpRequest.executeInternal(HttpComponentsClientHttpRequest.java:99)
	at org.springframework.http.client.AbstractStreamingClientHttpRequest.executeInternal(AbstractStreamingClientHttpRequest.java:70)
	at org.springframework.http.client.AbstractClientHttpRequest.execute(AbstractClientHttpRequest.java:66)
	at org.springframework.web.client.RestTemplate.doExecute(RestTemplate.java:889)
	... 9 common frames omitted
23-10-2024 23:04:41.776 [main] [-] INFO  order-svc-o.s.cloud.commons.util.InetUtils.convertAddress - Cannot determine local hostname
23-10-2024 23:04:41.823 [main] [-] INFO  order-svc-c.p.e.order_svc.OrderSvcApplication.logStarted - Started OrderSvcApplication in 44.166 seconds (process running for 54.677)
23-10-2024 23:05:56.121 [http-nio-9020-exec-2] [-] INFO  order-svc-o.a.c.c.C.[.[localhost].[/orders].log - Initializing Spring DispatcherServlet 'dispatcherServlet'
23-10-2024 23:05:56.121 [http-nio-9020-exec-2] [-] INFO  order-svc-o.s.web.servlet.DispatcherServlet.initServletBean - Initializing Servlet 'dispatcherServlet'
23-10-2024 23:05:56.131 [http-nio-9020-exec-2] [-] INFO  order-svc-o.s.web.servlet.DispatcherServlet.initServletBean - Completed initialization in 10 ms
23-10-2024 23:05:56.352 [http-nio-9020-exec-2] [671933fa95e88f0a94030f7cefc04ac4-dba48387d681925e] INFO  order-svc-c.p.e.o.service.OrdersService.createOrder - inside create Order method in order service 
23-10-2024 23:05:57.512 [http-nio-9020-exec-2] [671933fa95e88f0a94030f7cefc04ac4-dba48387d681925e] INFO  order-svc-c.p.e.o.service.OrdersService.createOrder - total Price : 199.95000000000002
23-10-2024 23:09:40.142 [AsyncResolver-bootstrap-executor-%d] [-] INFO  order-svc-c.n.d.s.r.aws.ConfigClusterResolver.getClusterEndpoints - Resolving eureka endpoints via configuration
23-10-2024 23:11:13.284 [http-nio-9020-exec-6] [671935392f2a6f7bf35a6371cbed07d1-c98050f736076e36] INFO  order-svc-c.p.e.o.service.OrdersService.createOrder - inside create Order method in order service 
23-10-2024 23:11:13.318 [http-nio-9020-exec-6] [671935392f2a6f7bf35a6371cbed07d1-c98050f736076e36] INFO  order-svc-c.p.e.o.service.OrdersService.createOrder - total Price : 209.94
23-10-2024 23:14:16.540 [SpringApplicationShutdownHook] [-] INFO  order-svc-o.s.c.n.e.s.EurekaServiceRegistry.deregister - Unregistering application ORDER-SVC with eureka with status DOWN
23-10-2024 23:14:16.540 [SpringApplicationShutdownHook] [-] INFO  order-svc-c.netflix.discovery.DiscoveryClient.notify - Saw local status change event StatusChangeEvent [timestamp=1729705456540, current=DOWN, previous=UP]
23-10-2024 23:14:16.540 [DiscoveryClient-InstanceInfoReplicator-%d] [-] INFO  order-svc-c.netflix.discovery.DiscoveryClient.register - DiscoveryClient_ORDER-SVC/localhost:order-svc:9020: registering service...
23-10-2024 23:14:16.568 [DiscoveryClient-InstanceInfoReplicator-%d] [-] INFO  order-svc-c.netflix.discovery.DiscoveryClient.register - DiscoveryClient_ORDER-SVC/localhost:order-svc:9020 - registration status: 204
23-10-2024 23:14:16.586 [SpringApplicationShutdownHook] [-] INFO  order-svc-o.s.o.j.LocalContainerEntityManagerFactoryBean.destroy - Closing JPA EntityManagerFactory for persistence unit 'default'
23-10-2024 23:14:16.600 [SpringApplicationShutdownHook] [-] INFO  order-svc-com.zaxxer.hikari.HikariDataSource.close - HikariPool-1 - Shutdown initiated...
23-10-2024 23:14:16.616 [SpringApplicationShutdownHook] [-] INFO  order-svc-com.zaxxer.hikari.HikariDataSource.close - HikariPool-1 - Shutdown completed.
23-10-2024 23:14:16.764 [SpringApplicationShutdownHook] [-] INFO  order-svc-c.netflix.discovery.DiscoveryClient.shutdown - Shutting down DiscoveryClient ...
23-10-2024 23:14:19.767 [SpringApplicationShutdownHook] [-] INFO  order-svc-c.netflix.discovery.DiscoveryClient.unregister - Unregistering ...
23-10-2024 23:14:19.792 [SpringApplicationShutdownHook] [-] INFO  order-svc-c.n.d.s.t.d.RedirectingEurekaHttpClient.execute - Request execution error. endpoint=DefaultEndpoint{ serviceUrl='http://localhost:8761/eureka/} exception=I/O error on DELETE request for "http://localhost:8761/eureka/apps/ORDER-SVC/localhost:order-svc:9020": Connect to http://localhost:8761 [localhost/127.0.0.1, localhost/0:0:0:0:0:0:0:1] failed: Connection refused: getsockopt stacktrace=org.springframework.web.client.ResourceAccessException: I/O error on DELETE request for "http://localhost:8761/eureka/apps/ORDER-SVC/localhost:order-svc:9020": Connect to http://localhost:8761 [localhost/127.0.0.1, localhost/0:0:0:0:0:0:0:1] failed: Connection refused: getsockopt
	at org.springframework.web.client.RestTemplate.createResourceAccessException(RestTemplate.java:915)
	at org.springframework.web.client.RestTemplate.doExecute(RestTemplate.java:895)
	at org.springframework.web.client.RestTemplate.execute(RestTemplate.java:790)
	at org.springframework.web.client.RestTemplate.exchange(RestTemplate.java:672)
	at org.springframework.cloud.netflix.eureka.http.RestTemplateEurekaHttpClient.cancel(RestTemplateEurekaHttpClient.java:87)
	at com.netflix.discovery.shared.transport.decorator.EurekaHttpClientDecorator$2.execute(EurekaHttpClientDecorator.java:74)
	at com.netflix.discovery.shared.transport.decorator.RedirectingEurekaHttpClient.execute(RedirectingEurekaHttpClient.java:91)
	at com.netflix.discovery.shared.transport.decorator.EurekaHttpClientDecorator.cancel(EurekaHttpClientDecorator.java:71)
	at com.netflix.discovery.shared.transport.decorator.EurekaHttpClientDecorator$2.execute(EurekaHttpClientDecorator.java:74)
	at com.netflix.discovery.shared.transport.decorator.RetryableEurekaHttpClient.execute(RetryableEurekaHttpClient.java:120)
	at com.netflix.discovery.shared.transport.decorator.EurekaHttpClientDecorator.cancel(EurekaHttpClientDecorator.java:71)
	at com.netflix.discovery.shared.transport.decorator.EurekaHttpClientDecorator$2.execute(EurekaHttpClientDecorator.java:74)
	at com.netflix.discovery.shared.transport.decorator.SessionedEurekaHttpClient.execute(SessionedEurekaHttpClient.java:76)
	at com.netflix.discovery.shared.transport.decorator.EurekaHttpClientDecorator.cancel(EurekaHttpClientDecorator.java:71)
	at com.netflix.discovery.DiscoveryClient.unregister(DiscoveryClient.java:919)
	at com.netflix.discovery.DiscoveryClient.shutdown(DiscoveryClient.java:900)
	at java.base/jdk.internal.reflect.DirectMethodHandleAccessor.invoke(DirectMethodHandleAccessor.java:103)
	at java.base/java.lang.reflect.Method.invoke(Method.java:580)
	at org.springframework.beans.factory.annotation.InitDestroyAnnotationBeanPostProcessor$LifecycleMethod.invoke(InitDestroyAnnotationBeanPostProcessor.java:457)
	at org.springframework.beans.factory.annotation.InitDestroyAnnotationBeanPostProcessor$LifecycleMetadata.invokeDestroyMethods(InitDestroyAnnotationBeanPostProcessor.java:415)
	at org.springframework.beans.factory.annotation.InitDestroyAnnotationBeanPostProcessor.postProcessBeforeDestruction(InitDestroyAnnotationBeanPostProcessor.java:239)
	at org.springframework.beans.factory.support.DisposableBeanAdapter.destroy(DisposableBeanAdapter.java:202)
	at org.springframework.beans.factory.support.DisposableBeanAdapter.run(DisposableBeanAdapter.java:195)
	at org.springframework.cloud.context.scope.GenericScope$BeanLifecycleWrapper.destroy(GenericScope.java:389)
	at org.springframework.cloud.context.scope.GenericScope.destroy(GenericScope.java:136)
	at org.springframework.beans.factory.support.DisposableBeanAdapter.destroy(DisposableBeanAdapter.java:211)
	at org.springframework.beans.factory.support.DefaultSingletonBeanRegistry.destroyBean(DefaultSingletonBeanRegistry.java:587)
	at org.springframework.beans.factory.support.DefaultSingletonBeanRegistry.destroySingleton(DefaultSingletonBeanRegistry.java:559)
	at org.springframework.beans.factory.support.DefaultListableBeanFactory.destroySingleton(DefaultListableBeanFactory.java:1202)
	at org.springframework.beans.factory.support.DefaultSingletonBeanRegistry.destroySingletons(DefaultSingletonBeanRegistry.java:520)
	at org.springframework.beans.factory.support.DefaultListableBeanFactory.destroySingletons(DefaultListableBeanFactory.java:1195)
	at org.springframework.context.support.AbstractApplicationContext.destroyBeans(AbstractApplicationContext.java:1195)
	at org.springframework.context.support.AbstractApplicationContext.doClose(AbstractApplicationContext.java:1156)
	at org.springframework.boot.web.servlet.context.ServletWebServerApplicationContext.doClose(ServletWebServerApplicationContext.java:174)
	at org.springframework.context.support.AbstractApplicationContext.close(AbstractApplicationContext.java:1102)
	at org.springframework.boot.SpringApplicationShutdownHook.closeAndWait(SpringApplicationShutdownHook.java:145)
	at java.base/java.lang.Iterable.forEach(Iterable.java:75)
	at org.springframework.boot.SpringApplicationShutdownHook.run(SpringApplicationShutdownHook.java:114)
	at java.base/java.lang.Thread.run(Thread.java:1570)
Caused by: org.apache.hc.client5.http.HttpHostConnectException: Connect to http://localhost:8761 [localhost/127.0.0.1, localhost/0:0:0:0:0:0:0:1] failed: Connection refused: getsockopt
	at java.base/sun.nio.ch.Net.pollConnect(Native Method)
	at java.base/sun.nio.ch.Net.pollConnectNow(Net.java:682)
	at java.base/sun.nio.ch.NioSocketImpl.timedFinishConnect(NioSocketImpl.java:542)
	at java.base/sun.nio.ch.NioSocketImpl.connect(NioSocketImpl.java:592)
	at java.base/java.net.SocksSocketImpl.connect(SocksSocketImpl.java:327)
	at java.base/java.net.Socket.connect(Socket.java:752)
	at org.apache.hc.client5.http.socket.PlainConnectionSocketFactory.lambda$connectSocket$0(PlainConnectionSocketFactory.java:91)
	at java.base/java.security.AccessController.doPrivileged(AccessController.java:571)
	at org.apache.hc.client5.http.socket.PlainConnectionSocketFactory.connectSocket(PlainConnectionSocketFactory.java:90)
	at org.apache.hc.client5.http.socket.ConnectionSocketFactory.connectSocket(ConnectionSocketFactory.java:123)
	at org.apache.hc.client5.http.impl.io.DefaultHttpClientConnectionOperator.connect(DefaultHttpClientConnectionOperator.java:189)
	at org.apache.hc.client5.http.impl.io.PoolingHttpClientConnectionManager.connect(PoolingHttpClientConnectionManager.java:450)
	at org.apache.hc.client5.http.impl.classic.InternalExecRuntime.connectEndpoint(InternalExecRuntime.java:162)
	at org.apache.hc.client5.http.impl.classic.InternalExecRuntime.connectEndpoint(InternalExecRuntime.java:172)
	at org.apache.hc.client5.http.impl.classic.ConnectExec.execute(ConnectExec.java:142)
	at org.apache.hc.client5.http.impl.classic.ExecChainElement.execute(ExecChainElement.java:51)
	at org.apache.hc.client5.http.impl.classic.ProtocolExec.execute(ProtocolExec.java:192)
	at org.apache.hc.client5.http.impl.classic.ExecChainElement.execute(ExecChainElement.java:51)
	at org.apache.hc.client5.http.impl.classic.HttpRequestRetryExec.execute(HttpRequestRetryExec.java:113)
	at org.apache.hc.client5.http.impl.classic.ExecChainElement.execute(ExecChainElement.java:51)
	at org.apache.hc.client5.http.impl.classic.ContentCompressionExec.execute(ContentCompressionExec.java:152)
	at org.apache.hc.client5.http.impl.classic.ExecChainElement.execute(ExecChainElement.java:51)
	at org.apache.hc.client5.http.impl.classic.RedirectExec.execute(RedirectExec.java:116)
	at org.apache.hc.client5.http.impl.classic.ExecChainElement.execute(ExecChainElement.java:51)
	at org.apache.hc.client5.http.impl.classic.InternalHttpClient.doExecute(InternalHttpClient.java:170)
	at org.apache.hc.client5.http.impl.classic.CloseableHttpClient.execute(CloseableHttpClient.java:87)
	at org.apache.hc.client5.http.impl.classic.CloseableHttpClient.execute(CloseableHttpClient.java:55)
	at org.apache.hc.client5.http.classic.HttpClient.executeOpen(HttpClient.java:183)
	at org.springframework.http.client.HttpComponentsClientHttpRequest.executeInternal(HttpComponentsClientHttpRequest.java:99)
	at org.springframework.http.client.AbstractStreamingClientHttpRequest.executeInternal(AbstractStreamingClientHttpRequest.java:70)
	at org.springframework.http.client.AbstractClientHttpRequest.execute(AbstractClientHttpRequest.java:66)
	at org.springframework.http.client.InterceptingClientHttpRequest$InterceptingRequestExecution.execute(InterceptingClientHttpRequest.java:112)
	at org.springframework.cloud.netflix.eureka.http.RestTemplateTransportClientFactory.lambda$restTemplate$3(RestTemplateTransportClientFactory.java:170)
	at org.springframework.http.client.InterceptingClientHttpRequest$InterceptingRequestExecution.execute(InterceptingClientHttpRequest.java:88)
	at org.springframework.http.client.InterceptingClientHttpRequest.executeInternal(InterceptingClientHttpRequest.java:72)
	at org.springframework.http.client.AbstractBufferingClientHttpRequest.executeInternal(AbstractBufferingClientHttpRequest.java:48)
	at org.springframework.http.client.AbstractClientHttpRequest.execute(AbstractClientHttpRequest.java:66)
	at org.springframework.web.client.RestTemplate.doExecute(RestTemplate.java:889)
	... 37 more

23-10-2024 23:14:19.795 [SpringApplicationShutdownHook] [-] WARN  order-svc-c.n.d.s.t.d.RetryableEurekaHttpClient.execute - Request execution failed with message: I/O error on DELETE request for "http://localhost:8761/eureka/apps/ORDER-SVC/localhost:order-svc:9020": Connect to http://localhost:8761 [localhost/127.0.0.1, localhost/0:0:0:0:0:0:0:1] failed: Connection refused: getsockopt
23-10-2024 23:14:19.805 [SpringApplicationShutdownHook] [-] INFO  order-svc-c.n.d.s.t.d.RedirectingEurekaHttpClient.execute - Request execution error. endpoint=DefaultEndpoint{ serviceUrl='http://localhost:8761/eureka/}, exception=I/O error on DELETE request for "http://localhost:8761/eureka/apps/ORDER-SVC/localhost:order-svc:9020": Connect to http://localhost:8761 [localhost/127.0.0.1, localhost/0:0:0:0:0:0:0:1] failed: Connection refused: getsockopt stacktrace=org.springframework.web.client.ResourceAccessException: I/O error on DELETE request for "http://localhost:8761/eureka/apps/ORDER-SVC/localhost:order-svc:9020": Connect to http://localhost:8761 [localhost/127.0.0.1, localhost/0:0:0:0:0:0:0:1] failed: Connection refused: getsockopt
	at org.springframework.web.client.RestTemplate.createResourceAccessException(RestTemplate.java:915)
	at org.springframework.web.client.RestTemplate.doExecute(RestTemplate.java:895)
	at org.springframework.web.client.RestTemplate.execute(RestTemplate.java:790)
	at org.springframework.web.client.RestTemplate.exchange(RestTemplate.java:672)
	at org.springframework.cloud.netflix.eureka.http.RestTemplateEurekaHttpClient.cancel(RestTemplateEurekaHttpClient.java:87)
	at com.netflix.discovery.shared.transport.decorator.EurekaHttpClientDecorator$2.execute(EurekaHttpClientDecorator.java:74)
	at com.netflix.discovery.shared.transport.decorator.RedirectingEurekaHttpClient.executeOnNewServer(RedirectingEurekaHttpClient.java:121)
	at com.netflix.discovery.shared.transport.decorator.RedirectingEurekaHttpClient.execute(RedirectingEurekaHttpClient.java:80)
	at com.netflix.discovery.shared.transport.decorator.EurekaHttpClientDecorator.cancel(EurekaHttpClientDecorator.java:71)
	at com.netflix.discovery.shared.transport.decorator.EurekaHttpClientDecorator$2.execute(EurekaHttpClientDecorator.java:74)
	at com.netflix.discovery.shared.transport.decorator.RetryableEurekaHttpClient.execute(RetryableEurekaHttpClient.java:120)
	at com.netflix.discovery.shared.transport.decorator.EurekaHttpClientDecorator.cancel(EurekaHttpClientDecorator.java:71)
	at com.netflix.discovery.shared.transport.decorator.EurekaHttpClientDecorator$2.execute(EurekaHttpClientDecorator.java:74)
	at com.netflix.discovery.shared.transport.decorator.SessionedEurekaHttpClient.execute(SessionedEurekaHttpClient.java:76)
	at com.netflix.discovery.shared.transport.decorator.EurekaHttpClientDecorator.cancel(EurekaHttpClientDecorator.java:71)
	at com.netflix.discovery.DiscoveryClient.unregister(DiscoveryClient.java:919)
	at com.netflix.discovery.DiscoveryClient.shutdown(DiscoveryClient.java:900)
	at java.base/jdk.internal.reflect.DirectMethodHandleAccessor.invoke(DirectMethodHandleAccessor.java:103)
	at java.base/java.lang.reflect.Method.invoke(Method.java:580)
	at org.springframework.beans.factory.annotation.InitDestroyAnnotationBeanPostProcessor$LifecycleMethod.invoke(InitDestroyAnnotationBeanPostProcessor.java:457)
	at org.springframework.beans.factory.annotation.InitDestroyAnnotationBeanPostProcessor$LifecycleMetadata.invokeDestroyMethods(InitDestroyAnnotationBeanPostProcessor.java:415)
	at org.springframework.beans.factory.annotation.InitDestroyAnnotationBeanPostProcessor.postProcessBeforeDestruction(InitDestroyAnnotationBeanPostProcessor.java:239)
	at org.springframework.beans.factory.support.DisposableBeanAdapter.destroy(DisposableBeanAdapter.java:202)
	at org.springframework.beans.factory.support.DisposableBeanAdapter.run(DisposableBeanAdapter.java:195)
	at org.springframework.cloud.context.scope.GenericScope$BeanLifecycleWrapper.destroy(GenericScope.java:389)
	at org.springframework.cloud.context.scope.GenericScope.destroy(GenericScope.java:136)
	at org.springframework.beans.factory.support.DisposableBeanAdapter.destroy(DisposableBeanAdapter.java:211)
	at org.springframework.beans.factory.support.DefaultSingletonBeanRegistry.destroyBean(DefaultSingletonBeanRegistry.java:587)
	at org.springframework.beans.factory.support.DefaultSingletonBeanRegistry.destroySingleton(DefaultSingletonBeanRegistry.java:559)
	at org.springframework.beans.factory.support.DefaultListableBeanFactory.destroySingleton(DefaultListableBeanFactory.java:1202)
	at org.springframework.beans.factory.support.DefaultSingletonBeanRegistry.destroySingletons(DefaultSingletonBeanRegistry.java:520)
	at org.springframework.beans.factory.support.DefaultListableBeanFactory.destroySingletons(DefaultListableBeanFactory.java:1195)
	at org.springframework.context.support.AbstractApplicationContext.destroyBeans(AbstractApplicationContext.java:1195)
	at org.springframework.context.support.AbstractApplicationContext.doClose(AbstractApplicationContext.java:1156)
	at org.springframework.boot.web.servlet.context.ServletWebServerApplicationContext.doClose(ServletWebServerApplicationContext.java:174)
	at org.springframework.context.support.AbstractApplicationContext.close(AbstractApplicationContext.java:1102)
	at org.springframework.boot.SpringApplicationShutdownHook.closeAndWait(SpringApplicationShutdownHook.java:145)
	at java.base/java.lang.Iterable.forEach(Iterable.java:75)
	at org.springframework.boot.SpringApplicationShutdownHook.run(SpringApplicationShutdownHook.java:114)
	at java.base/java.lang.Thread.run(Thread.java:1570)
Caused by: org.apache.hc.client5.http.HttpHostConnectException: Connect to http://localhost:8761 [localhost/127.0.0.1, localhost/0:0:0:0:0:0:0:1] failed: Connection refused: getsockopt
	at java.base/sun.nio.ch.Net.pollConnect(Native Method)
	at java.base/sun.nio.ch.Net.pollConnectNow(Net.java:682)
	at java.base/sun.nio.ch.NioSocketImpl.timedFinishConnect(NioSocketImpl.java:542)
	at java.base/sun.nio.ch.NioSocketImpl.connect(NioSocketImpl.java:592)
	at java.base/java.net.SocksSocketImpl.connect(SocksSocketImpl.java:327)
	at java.base/java.net.Socket.connect(Socket.java:752)
	at org.apache.hc.client5.http.socket.PlainConnectionSocketFactory.lambda$connectSocket$0(PlainConnectionSocketFactory.java:91)
	at java.base/java.security.AccessController.doPrivileged(AccessController.java:571)
	at org.apache.hc.client5.http.socket.PlainConnectionSocketFactory.connectSocket(PlainConnectionSocketFactory.java:90)
	at org.apache.hc.client5.http.socket.ConnectionSocketFactory.connectSocket(ConnectionSocketFactory.java:123)
	at org.apache.hc.client5.http.impl.io.DefaultHttpClientConnectionOperator.connect(DefaultHttpClientConnectionOperator.java:189)
	at org.apache.hc.client5.http.impl.io.PoolingHttpClientConnectionManager.connect(PoolingHttpClientConnectionManager.java:450)
	at org.apache.hc.client5.http.impl.classic.InternalExecRuntime.connectEndpoint(InternalExecRuntime.java:162)
	at org.apache.hc.client5.http.impl.classic.InternalExecRuntime.connectEndpoint(InternalExecRuntime.java:172)
	at org.apache.hc.client5.http.impl.classic.ConnectExec.execute(ConnectExec.java:142)
	at org.apache.hc.client5.http.impl.classic.ExecChainElement.execute(ExecChainElement.java:51)
	at org.apache.hc.client5.http.impl.classic.ProtocolExec.execute(ProtocolExec.java:192)
	at org.apache.hc.client5.http.impl.classic.ExecChainElement.execute(ExecChainElement.java:51)
	at org.apache.hc.client5.http.impl.classic.HttpRequestRetryExec.execute(HttpRequestRetryExec.java:113)
	at org.apache.hc.client5.http.impl.classic.ExecChainElement.execute(ExecChainElement.java:51)
	at org.apache.hc.client5.http.impl.classic.ContentCompressionExec.execute(ContentCompressionExec.java:152)
	at org.apache.hc.client5.http.impl.classic.ExecChainElement.execute(ExecChainElement.java:51)
	at org.apache.hc.client5.http.impl.classic.RedirectExec.execute(RedirectExec.java:116)
	at org.apache.hc.client5.http.impl.classic.ExecChainElement.execute(ExecChainElement.java:51)
	at org.apache.hc.client5.http.impl.classic.InternalHttpClient.doExecute(InternalHttpClient.java:170)
	at org.apache.hc.client5.http.impl.classic.CloseableHttpClient.execute(CloseableHttpClient.java:87)
	at org.apache.hc.client5.http.impl.classic.CloseableHttpClient.execute(CloseableHttpClient.java:55)
	at org.apache.hc.client5.http.classic.HttpClient.executeOpen(HttpClient.java:183)
	at org.springframework.http.client.HttpComponentsClientHttpRequest.executeInternal(HttpComponentsClientHttpRequest.java:99)
	at org.springframework.http.client.AbstractStreamingClientHttpRequest.executeInternal(AbstractStreamingClientHttpRequest.java:70)
	at org.springframework.http.client.AbstractClientHttpRequest.execute(AbstractClientHttpRequest.java:66)
	at org.springframework.http.client.InterceptingClientHttpRequest$InterceptingRequestExecution.execute(InterceptingClientHttpRequest.java:112)
	at org.springframework.cloud.netflix.eureka.http.RestTemplateTransportClientFactory.lambda$restTemplate$3(RestTemplateTransportClientFactory.java:170)
	at org.springframework.http.client.InterceptingClientHttpRequest$InterceptingRequestExecution.execute(InterceptingClientHttpRequest.java:88)
	at org.springframework.http.client.InterceptingClientHttpRequest.executeInternal(InterceptingClientHttpRequest.java:72)
	at org.springframework.http.client.AbstractBufferingClientHttpRequest.executeInternal(AbstractBufferingClientHttpRequest.java:48)
	at org.springframework.http.client.AbstractClientHttpRequest.execute(AbstractClientHttpRequest.java:66)
	at org.springframework.web.client.RestTemplate.doExecute(RestTemplate.java:889)
	... 38 more

23-10-2024 23:14:19.809 [SpringApplicationShutdownHook] [-] WARN  order-svc-c.n.d.s.t.d.RetryableEurekaHttpClient.execute - Request execution failed with message: I/O error on DELETE request for "http://localhost:8761/eureka/apps/ORDER-SVC/localhost:order-svc:9020": Connect to http://localhost:8761 [localhost/127.0.0.1, localhost/0:0:0:0:0:0:0:1] failed: Connection refused: getsockopt
23-10-2024 23:14:19.812 [SpringApplicationShutdownHook] [-] ERROR order-svc-c.netflix.discovery.DiscoveryClient.unregister - DiscoveryClient_ORDER-SVC/localhost:order-svc:9020 - de-registration failedCannot execute request on any known server
com.netflix.discovery.shared.transport.TransportException: Cannot execute request on any known server
	at com.netflix.discovery.shared.transport.decorator.RetryableEurekaHttpClient.execute(RetryableEurekaHttpClient.java:112)
	at com.netflix.discovery.shared.transport.decorator.EurekaHttpClientDecorator.cancel(EurekaHttpClientDecorator.java:71)
	at com.netflix.discovery.shared.transport.decorator.EurekaHttpClientDecorator$2.execute(EurekaHttpClientDecorator.java:74)
	at com.netflix.discovery.shared.transport.decorator.SessionedEurekaHttpClient.execute(SessionedEurekaHttpClient.java:76)
	at com.netflix.discovery.shared.transport.decorator.EurekaHttpClientDecorator.cancel(EurekaHttpClientDecorator.java:71)
	at com.netflix.discovery.DiscoveryClient.unregister(DiscoveryClient.java:919)
	at com.netflix.discovery.DiscoveryClient.shutdown(DiscoveryClient.java:900)
	at java.base/jdk.internal.reflect.DirectMethodHandleAccessor.invoke(DirectMethodHandleAccessor.java:103)
	at java.base/java.lang.reflect.Method.invoke(Method.java:580)
	at org.springframework.beans.factory.annotation.InitDestroyAnnotationBeanPostProcessor$LifecycleMethod.invoke(InitDestroyAnnotationBeanPostProcessor.java:457)
	at org.springframework.beans.factory.annotation.InitDestroyAnnotationBeanPostProcessor$LifecycleMetadata.invokeDestroyMethods(InitDestroyAnnotationBeanPostProcessor.java:415)
	at org.springframework.beans.factory.annotation.InitDestroyAnnotationBeanPostProcessor.postProcessBeforeDestruction(InitDestroyAnnotationBeanPostProcessor.java:239)
	at org.springframework.beans.factory.support.DisposableBeanAdapter.destroy(DisposableBeanAdapter.java:202)
	at org.springframework.beans.factory.support.DisposableBeanAdapter.run(DisposableBeanAdapter.java:195)
	at org.springframework.cloud.context.scope.GenericScope$BeanLifecycleWrapper.destroy(GenericScope.java:389)
	at org.springframework.cloud.context.scope.GenericScope.destroy(GenericScope.java:136)
	at org.springframework.beans.factory.support.DisposableBeanAdapter.destroy(DisposableBeanAdapter.java:211)
	at org.springframework.beans.factory.support.DefaultSingletonBeanRegistry.destroyBean(DefaultSingletonBeanRegistry.java:587)
	at org.springframework.beans.factory.support.DefaultSingletonBeanRegistry.destroySingleton(DefaultSingletonBeanRegistry.java:559)
	at org.springframework.beans.factory.support.DefaultListableBeanFactory.destroySingleton(DefaultListableBeanFactory.java:1202)
	at org.springframework.beans.factory.support.DefaultSingletonBeanRegistry.destroySingletons(DefaultSingletonBeanRegistry.java:520)
	at org.springframework.beans.factory.support.DefaultListableBeanFactory.destroySingletons(DefaultListableBeanFactory.java:1195)
	at org.springframework.context.support.AbstractApplicationContext.destroyBeans(AbstractApplicationContext.java:1195)
	at org.springframework.context.support.AbstractApplicationContext.doClose(AbstractApplicationContext.java:1156)
	at org.springframework.boot.web.servlet.context.ServletWebServerApplicationContext.doClose(ServletWebServerApplicationContext.java:174)
	at org.springframework.context.support.AbstractApplicationContext.close(AbstractApplicationContext.java:1102)
	at org.springframework.boot.SpringApplicationShutdownHook.closeAndWait(SpringApplicationShutdownHook.java:145)
	at java.base/java.lang.Iterable.forEach(Iterable.java:75)
	at org.springframework.boot.SpringApplicationShutdownHook.run(SpringApplicationShutdownHook.java:114)
	at java.base/java.lang.Thread.run(Thread.java:1570)
23-10-2024 23:14:19.812 [SpringApplicationShutdownHook] [-] INFO  order-svc-c.netflix.discovery.DiscoveryClient.shutdown - Completed shut down of DiscoveryClient
