23-10-2024 19:27:36.295 [main] [-] INFO  inventory-svc-c.p.e.i.InventorySvcApplication.logStarting - Starting InventorySvcApplication using Java 22.0.2 with PID 17564 (D:\Prudhviraj_Study\All Projects\codeShuttle\1-100\eCom\inventory-svc\target\classes started by bavig in D:\Prudhviraj_Study\All Projects\codeShuttle\1-100\eCom)
23-10-2024 19:27:36.298 [main] [-] INFO  inventory-svc-c.p.e.i.InventorySvcApplication.logStartupProfileInfo - No active profile set, falling back to 1 default profile: "default"
23-10-2024 19:27:36.353 [main] [-] INFO  inventory-svc-o.s.c.c.c.ConfigServerConfigDataLoader.logTo - Fetching config from server at : http://localhost:8888
23-10-2024 19:27:36.353 [main] [-] INFO  inventory-svc-o.s.c.c.c.ConfigServerConfigDataLoader.logTo - Located environment: name=inventory-svc, profiles=[default], label=null, version=3c08ce0b15f25f6fd3a4d9c2a14b60a5fc8042b3, state=null
23-10-2024 19:27:37.286 [main] [-] INFO  inventory-svc-o.s.d.r.c.RepositoryConfigurationDelegate.registerRepositoriesIn - Bootstrapping Spring Data JPA repositories in DEFAULT mode.
23-10-2024 19:27:37.405 [main] [-] INFO  inventory-svc-o.s.d.r.c.RepositoryConfigurationDelegate.registerRepositoriesIn - Finished Spring Data repository scanning in 109 ms. Found 1 JPA repository interface.
23-10-2024 19:27:37.667 [main] [-] INFO  inventory-svc-o.s.cloud.context.scope.GenericScope.setSerializationId - BeanFactory id=ab7709bb-df64-3610-a337-c664babf16ae
23-10-2024 19:27:37.975 [main] [-] WARN  inventory-svc-o.s.c.s.PostProcessorRegistrationDelegate$BeanPostProcessorChecker.postProcessAfterInitialization - Bean 'org.springframework.cloud.client.loadbalancer.LoadBalancerAutoConfiguration$DeferringLoadBalancerInterceptorConfig' of type [org.springframework.cloud.client.loadbalancer.LoadBalancerAutoConfiguration$DeferringLoadBalancerInterceptorConfig] is not eligible for getting processed by all BeanPostProcessors (for example: not eligible for auto-proxying). The currently created BeanPostProcessor [lbRestClientPostProcessor] is declared through a non-static factory method on that class; consider declaring it as static instead.
23-10-2024 19:27:37.979 [main] [-] WARN  inventory-svc-o.s.c.s.PostProcessorRegistrationDelegate$BeanPostProcessorChecker.postProcessAfterInitialization - Bean 'deferringLoadBalancerInterceptor' of type [org.springframework.cloud.client.loadbalancer.DeferringLoadBalancerInterceptor] is not eligible for getting processed by all BeanPostProcessors (for example: not eligible for auto-proxying). Is this bean getting eagerly injected into a currently created BeanPostProcessor [lbRestClientPostProcessor]? Check the corresponding BeanPostProcessor declaration and its dependencies.
23-10-2024 19:27:38.278 [main] [-] INFO  inventory-svc-o.s.b.w.e.tomcat.TomcatWebServer.initialize - Tomcat initialized with port 9010 (http)
23-10-2024 19:27:38.287 [main] [-] INFO  inventory-svc-o.a.coyote.http11.Http11NioProtocol.log - Initializing ProtocolHandler ["http-nio-9010"]
23-10-2024 19:27:38.290 [main] [-] INFO  inventory-svc-o.a.catalina.core.StandardService.log - Starting service [Tomcat]
23-10-2024 19:27:38.290 [main] [-] INFO  inventory-svc-o.a.catalina.core.StandardEngine.log - Starting Servlet engine: [Apache Tomcat/10.1.30]
23-10-2024 19:27:38.357 [main] [-] INFO  inventory-svc-o.a.c.c.C.[.[localhost].[/inventory].log - Initializing Spring embedded WebApplicationContext
23-10-2024 19:27:38.357 [main] [-] INFO  inventory-svc-o.s.b.w.s.c.ServletWebServerApplicationContext.prepareWebApplicationContext - Root WebApplicationContext: initialization completed in 2001 ms
23-10-2024 19:27:39.009 [main] [-] INFO  inventory-svc-o.h.jpa.internal.util.LogHelper.logPersistenceUnitInformation - HHH000204: Processing PersistenceUnitInfo [name: default]
23-10-2024 19:27:39.059 [main] [-] INFO  inventory-svc-org.hibernate.Version.logVersion - HHH000412: Hibernate ORM core version 6.5.3.Final
23-10-2024 19:27:39.093 [main] [-] INFO  inventory-svc-o.h.c.i.RegionFactoryInitiator.initiateService - HHH000026: Second-level cache disabled
23-10-2024 19:27:39.402 [main] [-] INFO  inventory-svc-o.s.o.j.p.SpringPersistenceUnitInfo.addTransformer - No LoadTimeWeaver setup: ignoring JPA class transformer
23-10-2024 19:27:39.433 [main] [-] INFO  inventory-svc-com.zaxxer.hikari.HikariDataSource.getConnection - HikariPool-1 - Starting...
23-10-2024 19:27:39.705 [main] [-] INFO  inventory-svc-com.zaxxer.hikari.pool.HikariPool.checkFailFast - HikariPool-1 - Added connection com.mysql.cj.jdbc.ConnectionImpl@1181526e
23-10-2024 19:27:39.706 [main] [-] INFO  inventory-svc-com.zaxxer.hikari.HikariDataSource.getConnection - HikariPool-1 - Start completed.
23-10-2024 19:27:40.392 [main] [-] INFO  inventory-svc-o.h.e.t.j.p.i.JtaPlatformInitiator.initiateService - HHH000489: No JTA platform available (set 'hibernate.transaction.jta.platform' to enable JTA platform integration)
23-10-2024 19:27:40.426 [main] [-] INFO  inventory-svc-o.s.o.j.LocalContainerEntityManagerFactoryBean.buildNativeEntityManagerFactory - Initialized JPA EntityManagerFactory for persistence unit 'default'
23-10-2024 19:27:41.776 [main] [-] INFO  inventory-svc-o.s.cloud.commons.util.InetUtils.convertAddress - Cannot determine local hostname
23-10-2024 19:27:41.915 [main] [-] WARN  inventory-svc-o.s.b.a.o.j.JpaBaseConfiguration$JpaWebConfiguration.openEntityManagerInViewInterceptor - spring.jpa.open-in-view is enabled by default. Therefore, database queries may be performed during view rendering. Explicitly configure spring.jpa.open-in-view to disable this warning
23-10-2024 19:27:42.966 [main] [-] INFO  inventory-svc-o.s.cloud.commons.util.InetUtils.convertAddress - Cannot determine local hostname
23-10-2024 19:27:43.005 [main] [-] INFO  inventory-svc-o.s.c.o.FeignClientFactoryBean.getTarget - For 'order-svc' URL not provided. Will try picking an instance via load-balancing.
23-10-2024 19:27:44.092 [main] [-] INFO  inventory-svc-o.s.c.n.e.c.DiscoveryClientOptionalArgsConfiguration.restTemplateDiscoveryClientOptionalArgs - Eureka HTTP Client uses RestTemplate.
23-10-2024 19:27:44.134 [main] [-] WARN  inventory-svc-o.s.c.l.c.LoadBalancerCacheAutoConfiguration$LoadBalancerCaffeineWarnLogger.afterPropertiesSet - Spring Cloud LoadBalancer is currently working with the default cache. While this cache implementation is useful for development and tests, it's recommended to use Caffeine cache in production.You can switch to using Caffeine cache, by adding it and org.springframework.cache.caffeine.CaffeineCacheManager to the classpath.
23-10-2024 19:27:44.157 [main] [-] INFO  inventory-svc-o.s.b.a.e.web.EndpointLinksResolver.<init> - Exposing 17 endpoints beneath base path '/actuator'
23-10-2024 19:27:44.239 [main] [-] INFO  inventory-svc-o.s.c.n.eureka.InstanceInfoFactory.create - Setting initial instance status as: STARTING
23-10-2024 19:27:44.259 [main] [-] INFO  inventory-svc-c.netflix.discovery.DiscoveryClient.<init> - Initializing Eureka in region us-east-1
23-10-2024 19:27:44.262 [main] [-] INFO  inventory-svc-c.n.d.s.r.aws.ConfigClusterResolver.getClusterEndpoints - Resolving eureka endpoints via configuration
23-10-2024 19:27:44.268 [main] [-] INFO  inventory-svc-c.netflix.discovery.DiscoveryClient.fetchRegistry - Disable delta property : false
23-10-2024 19:27:44.269 [main] [-] INFO  inventory-svc-c.netflix.discovery.DiscoveryClient.fetchRegistry - Single vip registry refresh property : null
23-10-2024 19:27:44.269 [main] [-] INFO  inventory-svc-c.netflix.discovery.DiscoveryClient.fetchRegistry - Force full registry fetch : false
23-10-2024 19:27:44.269 [main] [-] INFO  inventory-svc-c.netflix.discovery.DiscoveryClient.fetchRegistry - Application is null : false
23-10-2024 19:27:44.269 [main] [-] INFO  inventory-svc-c.netflix.discovery.DiscoveryClient.fetchRegistry - Registered Applications size is zero : true
23-10-2024 19:27:44.269 [main] [-] INFO  inventory-svc-c.netflix.discovery.DiscoveryClient.fetchRegistry - Application version is -1: true
23-10-2024 19:27:44.269 [main] [-] INFO  inventory-svc-c.netflix.discovery.DiscoveryClient.getAndStoreFullRegistry - Getting all instance registry info from the eureka server
23-10-2024 19:27:44.416 [main] [-] INFO  inventory-svc-c.netflix.discovery.DiscoveryClient.getAndStoreFullRegistry - The response status is 200
23-10-2024 19:27:44.418 [main] [-] INFO  inventory-svc-c.netflix.discovery.DiscoveryClient.initScheduledTasks - Starting heartbeat executor: renew interval is: 30
23-10-2024 19:27:44.419 [main] [-] INFO  inventory-svc-c.n.discovery.InstanceInfoReplicator.<init> - InstanceInfoReplicator onDemand update allowed rate per min is 4
23-10-2024 19:27:44.421 [main] [-] INFO  inventory-svc-c.netflix.discovery.DiscoveryClient.<init> - Discovery Client initialized at timestamp 1729691864420 with initial instances count: 3
23-10-2024 19:27:44.426 [main] [-] INFO  inventory-svc-o.s.c.n.e.s.EurekaServiceRegistry.register - Registering application INVENTORY-SVC with eureka with status UP
23-10-2024 19:27:44.428 [main] [-] INFO  inventory-svc-c.netflix.discovery.DiscoveryClient.notify - Saw local status change event StatusChangeEvent [timestamp=1729691864428, current=UP, previous=STARTING]
23-10-2024 19:27:44.430 [DiscoveryClient-InstanceInfoReplicator-%d] [-] INFO  inventory-svc-c.netflix.discovery.DiscoveryClient.register - DiscoveryClient_INVENTORY-SVC/localhost:inventory-svc:9010: registering service...
23-10-2024 19:27:44.430 [main] [-] INFO  inventory-svc-o.a.coyote.http11.Http11NioProtocol.log - Starting ProtocolHandler ["http-nio-9010"]
23-10-2024 19:27:44.466 [main] [-] INFO  inventory-svc-o.s.b.w.e.tomcat.TomcatWebServer.start - Tomcat started on port 9010 (http) with context path '/inventory'
23-10-2024 19:27:44.467 [main] [-] INFO  inventory-svc-o.s.c.n.e.s.EurekaAutoServiceRegistration.onApplicationEvent - Updating port to 9010
23-10-2024 19:27:44.489 [DiscoveryClient-InstanceInfoReplicator-%d] [-] INFO  inventory-svc-c.netflix.discovery.DiscoveryClient.register - DiscoveryClient_INVENTORY-SVC/localhost:inventory-svc:9010 - registration status: 204
23-10-2024 19:27:45.460 [AsyncReporter{ZipkinRestTemplateSender{http://localhost:9411/api/v2/spans}}] [-] WARN  inventory-svc-z.r.i.AsyncReporter$BoundedAsyncReporter.flush - Spans were dropped due to exceptions. All subsequent errors will be logged at FINE level.
23-10-2024 19:27:45.460 [AsyncReporter{ZipkinRestTemplateSender{http://localhost:9411/api/v2/spans}}] [-] WARN  inventory-svc-z.r.i.AsyncReporter$BoundedAsyncReporter.flush - Dropped 2 spans due to ResourceAccessException(I/O error on POST request for "http://localhost:9411/api/v2/spans": Connect to http://localhost:9411 [localhost/127.0.0.1, localhost/0:0:0:0:0:0:0:1] failed: Connection refused: getsockopt)
org.springframework.web.client.ResourceAccessException: I/O error on POST request for "http://localhost:9411/api/v2/spans": Connect to http://localhost:9411 [localhost/127.0.0.1, localhost/0:0:0:0:0:0:0:1] failed: Connection refused: getsockopt
	at org.springframework.web.client.RestTemplate.createResourceAccessException(RestTemplate.java:915)
	at org.springframework.web.client.RestTemplate.doExecute(RestTemplate.java:895)
	at org.springframework.web.client.RestTemplate.execute(RestTemplate.java:830)
	at org.springframework.web.client.RestTemplate.exchange(RestTemplate.java:691)
	at org.springframework.boot.actuate.autoconfigure.tracing.zipkin.ZipkinRestTemplateSender.postSpans(ZipkinRestTemplateSender.java:50)
	at org.springframework.boot.actuate.autoconfigure.tracing.zipkin.HttpSender.postSpans(HttpSender.java:69)
	at org.springframework.boot.actuate.autoconfigure.tracing.zipkin.HttpSender.postSpans(HttpSender.java:41)
	at zipkin2.reporter.BaseHttpSender.send(BaseHttpSender.java:123)
	at zipkin2.reporter.internal.AsyncReporter$BoundedAsyncReporter.flush(AsyncReporter.java:266)
	at zipkin2.reporter.internal.AsyncReporter$Flusher.run(AsyncReporter.java:352)
	at java.base/java.lang.Thread.run(Thread.java:1570)
Caused by: org.apache.hc.client5.http.HttpHostConnectException: Connect to http://localhost:9411 [localhost/127.0.0.1, localhost/0:0:0:0:0:0:0:1] failed: Connection refused: getsockopt
	at java.base/sun.nio.ch.Net.pollConnect(Native Method)
	at java.base/sun.nio.ch.Net.pollConnectNow(Net.java:682)
	at java.base/sun.nio.ch.NioSocketImpl.timedFinishConnect(NioSocketImpl.java:542)
	at java.base/sun.nio.ch.NioSocketImpl.connect(NioSocketImpl.java:592)
	at java.base/java.net.SocksSocketImpl.connect(SocksSocketImpl.java:327)
	at java.base/java.net.Socket.connect(Socket.java:752)
	at org.apache.hc.client5.http.socket.PlainConnectionSocketFactory.lambda$connectSocket$0(PlainConnectionSocketFactory.java:91)
	at java.base/java.security.AccessController.doPrivileged(AccessController.java:571)
	at org.apache.hc.client5.http.socket.PlainConnectionSocketFactory.connectSocket(PlainConnectionSocketFactory.java:90)
	at org.apache.hc.client5.http.socket.ConnectionSocketFactory.connectSocket(ConnectionSocketFactory.java:123)
	at org.apache.hc.client5.http.impl.io.DefaultHttpClientConnectionOperator.connect(DefaultHttpClientConnectionOperator.java:189)
	at org.apache.hc.client5.http.impl.io.PoolingHttpClientConnectionManager.connect(PoolingHttpClientConnectionManager.java:450)
	at org.apache.hc.client5.http.impl.classic.InternalExecRuntime.connectEndpoint(InternalExecRuntime.java:162)
	at org.apache.hc.client5.http.impl.classic.InternalExecRuntime.connectEndpoint(InternalExecRuntime.java:172)
	at org.apache.hc.client5.http.impl.classic.ConnectExec.execute(ConnectExec.java:142)
	at org.apache.hc.client5.http.impl.classic.ExecChainElement.execute(ExecChainElement.java:51)
	at org.apache.hc.client5.http.impl.classic.ProtocolExec.execute(ProtocolExec.java:192)
	at org.apache.hc.client5.http.impl.classic.ExecChainElement.execute(ExecChainElement.java:51)
	at org.apache.hc.client5.http.impl.classic.HttpRequestRetryExec.execute(HttpRequestRetryExec.java:113)
	at org.apache.hc.client5.http.impl.classic.ExecChainElement.execute(ExecChainElement.java:51)
	at org.apache.hc.client5.http.impl.classic.ContentCompressionExec.execute(ContentCompressionExec.java:152)
	at org.apache.hc.client5.http.impl.classic.ExecChainElement.execute(ExecChainElement.java:51)
	at org.apache.hc.client5.http.impl.classic.RedirectExec.execute(RedirectExec.java:116)
	at org.apache.hc.client5.http.impl.classic.ExecChainElement.execute(ExecChainElement.java:51)
	at org.apache.hc.client5.http.impl.classic.InternalHttpClient.doExecute(InternalHttpClient.java:170)
	at org.apache.hc.client5.http.impl.classic.CloseableHttpClient.execute(CloseableHttpClient.java:87)
	at org.apache.hc.client5.http.impl.classic.CloseableHttpClient.execute(CloseableHttpClient.java:55)
	at org.apache.hc.client5.http.classic.HttpClient.executeOpen(HttpClient.java:183)
	at org.springframework.http.client.HttpComponentsClientHttpRequest.executeInternal(HttpComponentsClientHttpRequest.java:99)
	at org.springframework.http.client.AbstractStreamingClientHttpRequest.executeInternal(AbstractStreamingClientHttpRequest.java:70)
	at org.springframework.http.client.AbstractClientHttpRequest.execute(AbstractClientHttpRequest.java:66)
	at org.springframework.web.client.RestTemplate.doExecute(RestTemplate.java:889)
	... 9 common frames omitted
23-10-2024 19:27:45.488 [main] [-] INFO  inventory-svc-o.s.cloud.commons.util.InetUtils.convertAddress - Cannot determine local hostname
23-10-2024 19:27:45.503 [main] [-] INFO  inventory-svc-c.p.e.i.InventorySvcApplication.logStarted - Started InventorySvcApplication in 12.997 seconds (process running for 13.585)
23-10-2024 19:32:44.279 [AsyncResolver-bootstrap-executor-%d] [-] INFO  inventory-svc-c.n.d.s.r.aws.ConfigClusterResolver.getClusterEndpoints - Resolving eureka endpoints via configuration
23-10-2024 19:37:44.294 [AsyncResolver-bootstrap-executor-%d] [-] INFO  inventory-svc-c.n.d.s.r.aws.ConfigClusterResolver.getClusterEndpoints - Resolving eureka endpoints via configuration
23-10-2024 19:42:44.304 [AsyncResolver-bootstrap-executor-%d] [-] INFO  inventory-svc-c.n.d.s.r.aws.ConfigClusterResolver.getClusterEndpoints - Resolving eureka endpoints via configuration
23-10-2024 19:47:44.317 [AsyncResolver-bootstrap-executor-%d] [-] INFO  inventory-svc-c.n.d.s.r.aws.ConfigClusterResolver.getClusterEndpoints - Resolving eureka endpoints via configuration
23-10-2024 19:52:44.321 [AsyncResolver-bootstrap-executor-%d] [-] INFO  inventory-svc-c.n.d.s.r.aws.ConfigClusterResolver.getClusterEndpoints - Resolving eureka endpoints via configuration
23-10-2024 19:57:44.336 [AsyncResolver-bootstrap-executor-%d] [-] INFO  inventory-svc-c.n.d.s.r.aws.ConfigClusterResolver.getClusterEndpoints - Resolving eureka endpoints via configuration
23-10-2024 20:02:44.344 [AsyncResolver-bootstrap-executor-%d] [-] INFO  inventory-svc-c.n.d.s.r.aws.ConfigClusterResolver.getClusterEndpoints - Resolving eureka endpoints via configuration
23-10-2024 20:07:44.359 [AsyncResolver-bootstrap-executor-%d] [-] INFO  inventory-svc-c.n.d.s.r.aws.ConfigClusterResolver.getClusterEndpoints - Resolving eureka endpoints via configuration
23-10-2024 20:12:44.377 [AsyncResolver-bootstrap-executor-%d] [-] INFO  inventory-svc-c.n.d.s.r.aws.ConfigClusterResolver.getClusterEndpoints - Resolving eureka endpoints via configuration
23-10-2024 20:17:44.396 [AsyncResolver-bootstrap-executor-%d] [-] INFO  inventory-svc-c.n.d.s.r.aws.ConfigClusterResolver.getClusterEndpoints - Resolving eureka endpoints via configuration
23-10-2024 20:22:44.408 [AsyncResolver-bootstrap-executor-%d] [-] INFO  inventory-svc-c.n.d.s.r.aws.ConfigClusterResolver.getClusterEndpoints - Resolving eureka endpoints via configuration
23-10-2024 20:27:44.412 [AsyncResolver-bootstrap-executor-%d] [-] INFO  inventory-svc-c.n.d.s.r.aws.ConfigClusterResolver.getClusterEndpoints - Resolving eureka endpoints via configuration
23-10-2024 20:32:44.430 [AsyncResolver-bootstrap-executor-%d] [-] INFO  inventory-svc-c.n.d.s.r.aws.ConfigClusterResolver.getClusterEndpoints - Resolving eureka endpoints via configuration
23-10-2024 20:37:44.436 [AsyncResolver-bootstrap-executor-%d] [-] INFO  inventory-svc-c.n.d.s.r.aws.ConfigClusterResolver.getClusterEndpoints - Resolving eureka endpoints via configuration
23-10-2024 23:04:47.308 [main] [-] INFO  inventory-svc-c.p.e.i.InventorySvcApplication.logStarting - Starting InventorySvcApplication using Java 22.0.2 with PID 4556 (D:\Prudhviraj_Study\All Projects\codeShuttle\1-100\eCom\inventory-svc\target\classes started by bavig in D:\Prudhviraj_Study\All Projects\codeShuttle\1-100\eCom)
23-10-2024 23:04:47.311 [main] [-] INFO  inventory-svc-c.p.e.i.InventorySvcApplication.logStartupProfileInfo - No active profile set, falling back to 1 default profile: "default"
23-10-2024 23:04:47.393 [main] [-] INFO  inventory-svc-o.s.c.c.c.ConfigServerConfigDataLoader.logTo - Fetching config from server at : http://localhost:8888
23-10-2024 23:04:47.393 [main] [-] INFO  inventory-svc-o.s.c.c.c.ConfigServerConfigDataLoader.logTo - Located environment: name=inventory-svc, profiles=[default], label=null, version=3c08ce0b15f25f6fd3a4d9c2a14b60a5fc8042b3, state=null
23-10-2024 23:04:48.648 [main] [-] INFO  inventory-svc-o.s.d.r.c.RepositoryConfigurationDelegate.registerRepositoriesIn - Bootstrapping Spring Data JPA repositories in DEFAULT mode.
23-10-2024 23:04:48.816 [main] [-] INFO  inventory-svc-o.s.d.r.c.RepositoryConfigurationDelegate.registerRepositoriesIn - Finished Spring Data repository scanning in 160 ms. Found 1 JPA repository interface.
23-10-2024 23:04:49.180 [main] [-] INFO  inventory-svc-o.s.cloud.context.scope.GenericScope.setSerializationId - BeanFactory id=ab7709bb-df64-3610-a337-c664babf16ae
23-10-2024 23:04:49.575 [main] [-] WARN  inventory-svc-o.s.c.s.PostProcessorRegistrationDelegate$BeanPostProcessorChecker.postProcessAfterInitialization - Bean 'org.springframework.cloud.client.loadbalancer.LoadBalancerAutoConfiguration$DeferringLoadBalancerInterceptorConfig' of type [org.springframework.cloud.client.loadbalancer.LoadBalancerAutoConfiguration$DeferringLoadBalancerInterceptorConfig] is not eligible for getting processed by all BeanPostProcessors (for example: not eligible for auto-proxying). The currently created BeanPostProcessor [lbRestClientPostProcessor] is declared through a non-static factory method on that class; consider declaring it as static instead.
23-10-2024 23:04:49.579 [main] [-] WARN  inventory-svc-o.s.c.s.PostProcessorRegistrationDelegate$BeanPostProcessorChecker.postProcessAfterInitialization - Bean 'deferringLoadBalancerInterceptor' of type [org.springframework.cloud.client.loadbalancer.DeferringLoadBalancerInterceptor] is not eligible for getting processed by all BeanPostProcessors (for example: not eligible for auto-proxying). Is this bean getting eagerly injected into a currently created BeanPostProcessor [lbRestClientPostProcessor]? Check the corresponding BeanPostProcessor declaration and its dependencies.
23-10-2024 23:04:49.907 [main] [-] INFO  inventory-svc-o.s.b.w.e.tomcat.TomcatWebServer.initialize - Tomcat initialized with port 9010 (http)
23-10-2024 23:04:49.919 [main] [-] INFO  inventory-svc-o.a.coyote.http11.Http11NioProtocol.log - Initializing ProtocolHandler ["http-nio-9010"]
23-10-2024 23:04:49.924 [main] [-] INFO  inventory-svc-o.a.catalina.core.StandardService.log - Starting service [Tomcat]
23-10-2024 23:04:49.924 [main] [-] INFO  inventory-svc-o.a.catalina.core.StandardEngine.log - Starting Servlet engine: [Apache Tomcat/10.1.30]
23-10-2024 23:04:50.017 [main] [-] INFO  inventory-svc-o.a.c.c.C.[.[localhost].[/inventory].log - Initializing Spring embedded WebApplicationContext
23-10-2024 23:04:50.017 [main] [-] INFO  inventory-svc-o.s.b.w.s.c.ServletWebServerApplicationContext.prepareWebApplicationContext - Root WebApplicationContext: initialization completed in 2622 ms
23-10-2024 23:04:51.105 [main] [-] INFO  inventory-svc-o.h.jpa.internal.util.LogHelper.logPersistenceUnitInformation - HHH000204: Processing PersistenceUnitInfo [name: default]
23-10-2024 23:04:51.208 [main] [-] INFO  inventory-svc-org.hibernate.Version.logVersion - HHH000412: Hibernate ORM core version 6.5.3.Final
23-10-2024 23:04:51.251 [main] [-] INFO  inventory-svc-o.h.c.i.RegionFactoryInitiator.initiateService - HHH000026: Second-level cache disabled
23-10-2024 23:04:51.627 [main] [-] INFO  inventory-svc-o.s.o.j.p.SpringPersistenceUnitInfo.addTransformer - No LoadTimeWeaver setup: ignoring JPA class transformer
23-10-2024 23:04:51.691 [main] [-] INFO  inventory-svc-com.zaxxer.hikari.HikariDataSource.getConnection - HikariPool-1 - Starting...
23-10-2024 23:04:52.401 [main] [-] INFO  inventory-svc-com.zaxxer.hikari.pool.HikariPool.checkFailFast - HikariPool-1 - Added connection com.mysql.cj.jdbc.ConnectionImpl@48dc9950
23-10-2024 23:04:52.406 [main] [-] INFO  inventory-svc-com.zaxxer.hikari.HikariDataSource.getConnection - HikariPool-1 - Start completed.
23-10-2024 23:04:54.271 [main] [-] INFO  inventory-svc-o.h.e.t.j.p.i.JtaPlatformInitiator.initiateService - HHH000489: No JTA platform available (set 'hibernate.transaction.jta.platform' to enable JTA platform integration)
23-10-2024 23:04:54.359 [main] [-] INFO  inventory-svc-o.s.o.j.LocalContainerEntityManagerFactoryBean.buildNativeEntityManagerFactory - Initialized JPA EntityManagerFactory for persistence unit 'default'
23-10-2024 23:04:56.057 [main] [-] INFO  inventory-svc-o.s.cloud.commons.util.InetUtils.convertAddress - Cannot determine local hostname
23-10-2024 23:04:56.397 [main] [-] WARN  inventory-svc-o.s.b.a.o.j.JpaBaseConfiguration$JpaWebConfiguration.openEntityManagerInViewInterceptor - spring.jpa.open-in-view is enabled by default. Therefore, database queries may be performed during view rendering. Explicitly configure spring.jpa.open-in-view to disable this warning
23-10-2024 23:04:57.476 [main] [-] INFO  inventory-svc-o.s.cloud.commons.util.InetUtils.convertAddress - Cannot determine local hostname
23-10-2024 23:04:57.596 [main] [-] INFO  inventory-svc-o.s.c.o.FeignClientFactoryBean.getTarget - For 'order-svc' URL not provided. Will try picking an instance via load-balancing.
23-10-2024 23:05:00.105 [main] [-] INFO  inventory-svc-o.s.c.n.e.c.DiscoveryClientOptionalArgsConfiguration.restTemplateDiscoveryClientOptionalArgs - Eureka HTTP Client uses RestTemplate.
23-10-2024 23:05:00.233 [main] [-] WARN  inventory-svc-o.s.c.l.c.LoadBalancerCacheAutoConfiguration$LoadBalancerCaffeineWarnLogger.afterPropertiesSet - Spring Cloud LoadBalancer is currently working with the default cache. While this cache implementation is useful for development and tests, it's recommended to use Caffeine cache in production.You can switch to using Caffeine cache, by adding it and org.springframework.cache.caffeine.CaffeineCacheManager to the classpath.
23-10-2024 23:05:00.323 [main] [-] INFO  inventory-svc-o.s.b.a.e.web.EndpointLinksResolver.<init> - Exposing 17 endpoints beneath base path '/actuator'
23-10-2024 23:05:00.556 [main] [-] INFO  inventory-svc-o.s.c.n.eureka.InstanceInfoFactory.create - Setting initial instance status as: STARTING
23-10-2024 23:05:00.645 [main] [-] INFO  inventory-svc-c.netflix.discovery.DiscoveryClient.<init> - Initializing Eureka in region us-east-1
23-10-2024 23:05:00.655 [main] [-] INFO  inventory-svc-c.n.d.s.r.aws.ConfigClusterResolver.getClusterEndpoints - Resolving eureka endpoints via configuration
23-10-2024 23:05:00.683 [main] [-] INFO  inventory-svc-c.netflix.discovery.DiscoveryClient.fetchRegistry - Disable delta property : false
23-10-2024 23:05:00.684 [main] [-] INFO  inventory-svc-c.netflix.discovery.DiscoveryClient.fetchRegistry - Single vip registry refresh property : null
23-10-2024 23:05:00.685 [main] [-] INFO  inventory-svc-c.netflix.discovery.DiscoveryClient.fetchRegistry - Force full registry fetch : false
23-10-2024 23:05:00.685 [main] [-] INFO  inventory-svc-c.netflix.discovery.DiscoveryClient.fetchRegistry - Application is null : false
23-10-2024 23:05:00.688 [main] [-] INFO  inventory-svc-c.netflix.discovery.DiscoveryClient.fetchRegistry - Registered Applications size is zero : true
23-10-2024 23:05:00.688 [main] [-] INFO  inventory-svc-c.netflix.discovery.DiscoveryClient.fetchRegistry - Application version is -1: true
23-10-2024 23:05:00.689 [main] [-] INFO  inventory-svc-c.netflix.discovery.DiscoveryClient.getAndStoreFullRegistry - Getting all instance registry info from the eureka server
23-10-2024 23:05:01.216 [main] [-] INFO  inventory-svc-c.netflix.discovery.DiscoveryClient.getAndStoreFullRegistry - The response status is 200
23-10-2024 23:05:01.225 [main] [-] INFO  inventory-svc-c.netflix.discovery.DiscoveryClient.initScheduledTasks - Starting heartbeat executor: renew interval is: 30
23-10-2024 23:05:01.232 [main] [-] INFO  inventory-svc-c.n.discovery.InstanceInfoReplicator.<init> - InstanceInfoReplicator onDemand update allowed rate per min is 4
23-10-2024 23:05:01.235 [main] [-] INFO  inventory-svc-c.netflix.discovery.DiscoveryClient.<init> - Discovery Client initialized at timestamp 1729704901235 with initial instances count: 2
23-10-2024 23:05:01.254 [main] [-] INFO  inventory-svc-o.s.c.n.e.s.EurekaServiceRegistry.register - Registering application INVENTORY-SVC with eureka with status UP
23-10-2024 23:05:01.256 [main] [-] INFO  inventory-svc-c.netflix.discovery.DiscoveryClient.notify - Saw local status change event StatusChangeEvent [timestamp=1729704901256, current=UP, previous=STARTING]
23-10-2024 23:05:01.259 [DiscoveryClient-InstanceInfoReplicator-%d] [-] INFO  inventory-svc-c.netflix.discovery.DiscoveryClient.register - DiscoveryClient_INVENTORY-SVC/localhost:inventory-svc:9010: registering service...
23-10-2024 23:05:01.259 [main] [-] INFO  inventory-svc-o.a.coyote.http11.Http11NioProtocol.log - Starting ProtocolHandler ["http-nio-9010"]
23-10-2024 23:05:01.361 [main] [-] INFO  inventory-svc-o.s.b.w.e.tomcat.TomcatWebServer.start - Tomcat started on port 9010 (http) with context path '/inventory'
23-10-2024 23:05:01.366 [main] [-] INFO  inventory-svc-o.s.c.n.e.s.EurekaAutoServiceRegistration.onApplicationEvent - Updating port to 9010
23-10-2024 23:05:01.491 [DiscoveryClient-InstanceInfoReplicator-%d] [-] INFO  inventory-svc-c.netflix.discovery.DiscoveryClient.register - DiscoveryClient_INVENTORY-SVC/localhost:inventory-svc:9010 - registration status: 204
23-10-2024 23:05:02.268 [AsyncReporter{ZipkinRestTemplateSender{http://localhost:9411/api/v2/spans}}] [-] WARN  inventory-svc-z.r.i.AsyncReporter$BoundedAsyncReporter.flush - Spans were dropped due to exceptions. All subsequent errors will be logged at FINE level.
23-10-2024 23:05:02.269 [AsyncReporter{ZipkinRestTemplateSender{http://localhost:9411/api/v2/spans}}] [-] WARN  inventory-svc-z.r.i.AsyncReporter$BoundedAsyncReporter.flush - Dropped 2 spans due to ResourceAccessException(I/O error on POST request for "http://localhost:9411/api/v2/spans": Connect to http://localhost:9411 [localhost/127.0.0.1, localhost/0:0:0:0:0:0:0:1] failed: Connection refused: getsockopt)
org.springframework.web.client.ResourceAccessException: I/O error on POST request for "http://localhost:9411/api/v2/spans": Connect to http://localhost:9411 [localhost/127.0.0.1, localhost/0:0:0:0:0:0:0:1] failed: Connection refused: getsockopt
	at org.springframework.web.client.RestTemplate.createResourceAccessException(RestTemplate.java:915)
	at org.springframework.web.client.RestTemplate.doExecute(RestTemplate.java:895)
	at org.springframework.web.client.RestTemplate.execute(RestTemplate.java:830)
	at org.springframework.web.client.RestTemplate.exchange(RestTemplate.java:691)
	at org.springframework.boot.actuate.autoconfigure.tracing.zipkin.ZipkinRestTemplateSender.postSpans(ZipkinRestTemplateSender.java:50)
	at org.springframework.boot.actuate.autoconfigure.tracing.zipkin.HttpSender.postSpans(HttpSender.java:69)
	at org.springframework.boot.actuate.autoconfigure.tracing.zipkin.HttpSender.postSpans(HttpSender.java:41)
	at zipkin2.reporter.BaseHttpSender.send(BaseHttpSender.java:123)
	at zipkin2.reporter.internal.AsyncReporter$BoundedAsyncReporter.flush(AsyncReporter.java:266)
	at zipkin2.reporter.internal.AsyncReporter$Flusher.run(AsyncReporter.java:352)
	at java.base/java.lang.Thread.run(Thread.java:1570)
Caused by: org.apache.hc.client5.http.HttpHostConnectException: Connect to http://localhost:9411 [localhost/127.0.0.1, localhost/0:0:0:0:0:0:0:1] failed: Connection refused: getsockopt
	at java.base/sun.nio.ch.Net.pollConnect(Native Method)
	at java.base/sun.nio.ch.Net.pollConnectNow(Net.java:682)
	at java.base/sun.nio.ch.NioSocketImpl.timedFinishConnect(NioSocketImpl.java:542)
	at java.base/sun.nio.ch.NioSocketImpl.connect(NioSocketImpl.java:592)
	at java.base/java.net.SocksSocketImpl.connect(SocksSocketImpl.java:327)
	at java.base/java.net.Socket.connect(Socket.java:752)
	at org.apache.hc.client5.http.socket.PlainConnectionSocketFactory.lambda$connectSocket$0(PlainConnectionSocketFactory.java:91)
	at java.base/java.security.AccessController.doPrivileged(AccessController.java:571)
	at org.apache.hc.client5.http.socket.PlainConnectionSocketFactory.connectSocket(PlainConnectionSocketFactory.java:90)
	at org.apache.hc.client5.http.socket.ConnectionSocketFactory.connectSocket(ConnectionSocketFactory.java:123)
	at org.apache.hc.client5.http.impl.io.DefaultHttpClientConnectionOperator.connect(DefaultHttpClientConnectionOperator.java:189)
	at org.apache.hc.client5.http.impl.io.PoolingHttpClientConnectionManager.connect(PoolingHttpClientConnectionManager.java:450)
	at org.apache.hc.client5.http.impl.classic.InternalExecRuntime.connectEndpoint(InternalExecRuntime.java:162)
	at org.apache.hc.client5.http.impl.classic.InternalExecRuntime.connectEndpoint(InternalExecRuntime.java:172)
	at org.apache.hc.client5.http.impl.classic.ConnectExec.execute(ConnectExec.java:142)
	at org.apache.hc.client5.http.impl.classic.ExecChainElement.execute(ExecChainElement.java:51)
	at org.apache.hc.client5.http.impl.classic.ProtocolExec.execute(ProtocolExec.java:192)
	at org.apache.hc.client5.http.impl.classic.ExecChainElement.execute(ExecChainElement.java:51)
	at org.apache.hc.client5.http.impl.classic.HttpRequestRetryExec.execute(HttpRequestRetryExec.java:113)
	at org.apache.hc.client5.http.impl.classic.ExecChainElement.execute(ExecChainElement.java:51)
	at org.apache.hc.client5.http.impl.classic.ContentCompressionExec.execute(ContentCompressionExec.java:152)
	at org.apache.hc.client5.http.impl.classic.ExecChainElement.execute(ExecChainElement.java:51)
	at org.apache.hc.client5.http.impl.classic.RedirectExec.execute(RedirectExec.java:116)
	at org.apache.hc.client5.http.impl.classic.ExecChainElement.execute(ExecChainElement.java:51)
	at org.apache.hc.client5.http.impl.classic.InternalHttpClient.doExecute(InternalHttpClient.java:170)
	at org.apache.hc.client5.http.impl.classic.CloseableHttpClient.execute(CloseableHttpClient.java:87)
	at org.apache.hc.client5.http.impl.classic.CloseableHttpClient.execute(CloseableHttpClient.java:55)
	at org.apache.hc.client5.http.classic.HttpClient.executeOpen(HttpClient.java:183)
	at org.springframework.http.client.HttpComponentsClientHttpRequest.executeInternal(HttpComponentsClientHttpRequest.java:99)
	at org.springframework.http.client.AbstractStreamingClientHttpRequest.executeInternal(AbstractStreamingClientHttpRequest.java:70)
	at org.springframework.http.client.AbstractClientHttpRequest.execute(AbstractClientHttpRequest.java:66)
	at org.springframework.web.client.RestTemplate.doExecute(RestTemplate.java:889)
	... 9 common frames omitted
23-10-2024 23:05:02.396 [main] [-] INFO  inventory-svc-o.s.cloud.commons.util.InetUtils.convertAddress - Cannot determine local hostname
23-10-2024 23:05:02.529 [main] [-] INFO  inventory-svc-c.p.e.i.InventorySvcApplication.logStarted - Started InventorySvcApplication in 19.165 seconds (process running for 19.906)
23-10-2024 23:05:56.882 [http-nio-9010-exec-2] [-] INFO  inventory-svc-o.a.c.c.C.[.[localhost].[/inventory].log - Initializing Spring DispatcherServlet 'dispatcherServlet'
23-10-2024 23:05:56.882 [http-nio-9010-exec-2] [-] INFO  inventory-svc-o.s.web.servlet.DispatcherServlet.initServletBean - Initializing Servlet 'dispatcherServlet'
23-10-2024 23:05:56.882 [http-nio-9010-exec-2] [-] INFO  inventory-svc-o.s.web.servlet.DispatcherServlet.initServletBean - Completed initialization in 0 ms
23-10-2024 23:05:57.083 [http-nio-9010-exec-2] [671933fa95e88f0a94030f7cefc04ac4-cf0a6069a207b54f] INFO  inventory-svc-c.p.e.i.service.ProductService.reduceStock - Reducing the stock
23-10-2024 23:10:00.704 [AsyncResolver-bootstrap-executor-%d] [-] INFO  inventory-svc-c.n.d.s.r.aws.ConfigClusterResolver.getClusterEndpoints - Resolving eureka endpoints via configuration
23-10-2024 23:11:13.293 [http-nio-9010-exec-1] [671935392f2a6f7bf35a6371cbed07d1-cb76a9e99188d15a] INFO  inventory-svc-c.p.e.i.service.ProductService.reduceStock - Reducing the stock
23-10-2024 23:14:16.452 [SpringApplicationShutdownHook] [-] INFO  inventory-svc-o.s.c.n.e.s.EurekaServiceRegistry.deregister - Unregistering application INVENTORY-SVC with eureka with status DOWN
23-10-2024 23:14:16.452 [SpringApplicationShutdownHook] [-] INFO  inventory-svc-c.netflix.discovery.DiscoveryClient.notify - Saw local status change event StatusChangeEvent [timestamp=1729705456452, current=DOWN, previous=UP]
23-10-2024 23:14:16.452 [DiscoveryClient-InstanceInfoReplicator-%d] [-] INFO  inventory-svc-c.netflix.discovery.DiscoveryClient.register - DiscoveryClient_INVENTORY-SVC/localhost:inventory-svc:9010: registering service...
23-10-2024 23:14:16.467 [DiscoveryClient-InstanceInfoReplicator-%d] [-] INFO  inventory-svc-c.netflix.discovery.DiscoveryClient.register - DiscoveryClient_INVENTORY-SVC/localhost:inventory-svc:9010 - registration status: 204
23-10-2024 23:14:16.487 [SpringApplicationShutdownHook] [-] INFO  inventory-svc-o.s.o.j.LocalContainerEntityManagerFactoryBean.destroy - Closing JPA EntityManagerFactory for persistence unit 'default'
23-10-2024 23:14:16.509 [SpringApplicationShutdownHook] [-] INFO  inventory-svc-com.zaxxer.hikari.HikariDataSource.close - HikariPool-1 - Shutdown initiated...
23-10-2024 23:14:16.568 [SpringApplicationShutdownHook] [-] INFO  inventory-svc-com.zaxxer.hikari.HikariDataSource.close - HikariPool-1 - Shutdown completed.
23-10-2024 23:14:17.092 [SpringApplicationShutdownHook] [-] INFO  inventory-svc-c.netflix.discovery.DiscoveryClient.shutdown - Shutting down DiscoveryClient ...
23-10-2024 23:14:20.097 [SpringApplicationShutdownHook] [-] INFO  inventory-svc-c.netflix.discovery.DiscoveryClient.unregister - Unregistering ...
23-10-2024 23:14:20.109 [SpringApplicationShutdownHook] [-] INFO  inventory-svc-c.n.d.s.t.d.RedirectingEurekaHttpClient.execute - Request execution error. endpoint=DefaultEndpoint{ serviceUrl='http://localhost:8761/eureka/} exception=I/O error on DELETE request for "http://localhost:8761/eureka/apps/INVENTORY-SVC/localhost:inventory-svc:9010": Connect to http://localhost:8761 [localhost/127.0.0.1, localhost/0:0:0:0:0:0:0:1] failed: Connection refused: getsockopt stacktrace=org.springframework.web.client.ResourceAccessException: I/O error on DELETE request for "http://localhost:8761/eureka/apps/INVENTORY-SVC/localhost:inventory-svc:9010": Connect to http://localhost:8761 [localhost/127.0.0.1, localhost/0:0:0:0:0:0:0:1] failed: Connection refused: getsockopt
	at org.springframework.web.client.RestTemplate.createResourceAccessException(RestTemplate.java:915)
	at org.springframework.web.client.RestTemplate.doExecute(RestTemplate.java:895)
	at org.springframework.web.client.RestTemplate.execute(RestTemplate.java:790)
	at org.springframework.web.client.RestTemplate.exchange(RestTemplate.java:672)
	at org.springframework.cloud.netflix.eureka.http.RestTemplateEurekaHttpClient.cancel(RestTemplateEurekaHttpClient.java:87)
	at com.netflix.discovery.shared.transport.decorator.EurekaHttpClientDecorator$2.execute(EurekaHttpClientDecorator.java:74)
	at com.netflix.discovery.shared.transport.decorator.RedirectingEurekaHttpClient.execute(RedirectingEurekaHttpClient.java:91)
	at com.netflix.discovery.shared.transport.decorator.EurekaHttpClientDecorator.cancel(EurekaHttpClientDecorator.java:71)
	at com.netflix.discovery.shared.transport.decorator.EurekaHttpClientDecorator$2.execute(EurekaHttpClientDecorator.java:74)
	at com.netflix.discovery.shared.transport.decorator.RetryableEurekaHttpClient.execute(RetryableEurekaHttpClient.java:120)
	at com.netflix.discovery.shared.transport.decorator.EurekaHttpClientDecorator.cancel(EurekaHttpClientDecorator.java:71)
	at com.netflix.discovery.shared.transport.decorator.EurekaHttpClientDecorator$2.execute(EurekaHttpClientDecorator.java:74)
	at com.netflix.discovery.shared.transport.decorator.SessionedEurekaHttpClient.execute(SessionedEurekaHttpClient.java:76)
	at com.netflix.discovery.shared.transport.decorator.EurekaHttpClientDecorator.cancel(EurekaHttpClientDecorator.java:71)
	at com.netflix.discovery.DiscoveryClient.unregister(DiscoveryClient.java:919)
	at com.netflix.discovery.DiscoveryClient.shutdown(DiscoveryClient.java:900)
	at java.base/jdk.internal.reflect.DirectMethodHandleAccessor.invoke(DirectMethodHandleAccessor.java:103)
	at java.base/java.lang.reflect.Method.invoke(Method.java:580)
	at org.springframework.beans.factory.annotation.InitDestroyAnnotationBeanPostProcessor$LifecycleMethod.invoke(InitDestroyAnnotationBeanPostProcessor.java:457)
	at org.springframework.beans.factory.annotation.InitDestroyAnnotationBeanPostProcessor$LifecycleMetadata.invokeDestroyMethods(InitDestroyAnnotationBeanPostProcessor.java:415)
	at org.springframework.beans.factory.annotation.InitDestroyAnnotationBeanPostProcessor.postProcessBeforeDestruction(InitDestroyAnnotationBeanPostProcessor.java:239)
	at org.springframework.beans.factory.support.DisposableBeanAdapter.destroy(DisposableBeanAdapter.java:202)
	at org.springframework.beans.factory.support.DisposableBeanAdapter.run(DisposableBeanAdapter.java:195)
	at org.springframework.cloud.context.scope.GenericScope$BeanLifecycleWrapper.destroy(GenericScope.java:389)
	at org.springframework.cloud.context.scope.GenericScope.destroy(GenericScope.java:136)
	at org.springframework.beans.factory.support.DisposableBeanAdapter.destroy(DisposableBeanAdapter.java:211)
	at org.springframework.beans.factory.support.DefaultSingletonBeanRegistry.destroyBean(DefaultSingletonBeanRegistry.java:587)
	at org.springframework.beans.factory.support.DefaultSingletonBeanRegistry.destroySingleton(DefaultSingletonBeanRegistry.java:559)
	at org.springframework.beans.factory.support.DefaultListableBeanFactory.destroySingleton(DefaultListableBeanFactory.java:1202)
	at org.springframework.beans.factory.support.DefaultSingletonBeanRegistry.destroySingletons(DefaultSingletonBeanRegistry.java:520)
	at org.springframework.beans.factory.support.DefaultListableBeanFactory.destroySingletons(DefaultListableBeanFactory.java:1195)
	at org.springframework.context.support.AbstractApplicationContext.destroyBeans(AbstractApplicationContext.java:1195)
	at org.springframework.context.support.AbstractApplicationContext.doClose(AbstractApplicationContext.java:1156)
	at org.springframework.boot.web.servlet.context.ServletWebServerApplicationContext.doClose(ServletWebServerApplicationContext.java:174)
	at org.springframework.context.support.AbstractApplicationContext.close(AbstractApplicationContext.java:1102)
	at org.springframework.boot.SpringApplicationShutdownHook.closeAndWait(SpringApplicationShutdownHook.java:145)
	at java.base/java.lang.Iterable.forEach(Iterable.java:75)
	at org.springframework.boot.SpringApplicationShutdownHook.run(SpringApplicationShutdownHook.java:114)
	at java.base/java.lang.Thread.run(Thread.java:1570)
Caused by: org.apache.hc.client5.http.HttpHostConnectException: Connect to http://localhost:8761 [localhost/127.0.0.1, localhost/0:0:0:0:0:0:0:1] failed: Connection refused: getsockopt
	at java.base/sun.nio.ch.Net.pollConnect(Native Method)
	at java.base/sun.nio.ch.Net.pollConnectNow(Net.java:682)
	at java.base/sun.nio.ch.NioSocketImpl.timedFinishConnect(NioSocketImpl.java:542)
	at java.base/sun.nio.ch.NioSocketImpl.connect(NioSocketImpl.java:592)
	at java.base/java.net.SocksSocketImpl.connect(SocksSocketImpl.java:327)
	at java.base/java.net.Socket.connect(Socket.java:752)
	at org.apache.hc.client5.http.socket.PlainConnectionSocketFactory.lambda$connectSocket$0(PlainConnectionSocketFactory.java:91)
	at java.base/java.security.AccessController.doPrivileged(AccessController.java:571)
	at org.apache.hc.client5.http.socket.PlainConnectionSocketFactory.connectSocket(PlainConnectionSocketFactory.java:90)
	at org.apache.hc.client5.http.socket.ConnectionSocketFactory.connectSocket(ConnectionSocketFactory.java:123)
	at org.apache.hc.client5.http.impl.io.DefaultHttpClientConnectionOperator.connect(DefaultHttpClientConnectionOperator.java:189)
	at org.apache.hc.client5.http.impl.io.PoolingHttpClientConnectionManager.connect(PoolingHttpClientConnectionManager.java:450)
	at org.apache.hc.client5.http.impl.classic.InternalExecRuntime.connectEndpoint(InternalExecRuntime.java:162)
	at org.apache.hc.client5.http.impl.classic.InternalExecRuntime.connectEndpoint(InternalExecRuntime.java:172)
	at org.apache.hc.client5.http.impl.classic.ConnectExec.execute(ConnectExec.java:142)
	at org.apache.hc.client5.http.impl.classic.ExecChainElement.execute(ExecChainElement.java:51)
	at org.apache.hc.client5.http.impl.classic.ProtocolExec.execute(ProtocolExec.java:192)
	at org.apache.hc.client5.http.impl.classic.ExecChainElement.execute(ExecChainElement.java:51)
	at org.apache.hc.client5.http.impl.classic.HttpRequestRetryExec.execute(HttpRequestRetryExec.java:113)
	at org.apache.hc.client5.http.impl.classic.ExecChainElement.execute(ExecChainElement.java:51)
	at org.apache.hc.client5.http.impl.classic.ContentCompressionExec.execute(ContentCompressionExec.java:152)
	at org.apache.hc.client5.http.impl.classic.ExecChainElement.execute(ExecChainElement.java:51)
	at org.apache.hc.client5.http.impl.classic.RedirectExec.execute(RedirectExec.java:116)
	at org.apache.hc.client5.http.impl.classic.ExecChainElement.execute(ExecChainElement.java:51)
	at org.apache.hc.client5.http.impl.classic.InternalHttpClient.doExecute(InternalHttpClient.java:170)
	at org.apache.hc.client5.http.impl.classic.CloseableHttpClient.execute(CloseableHttpClient.java:87)
	at org.apache.hc.client5.http.impl.classic.CloseableHttpClient.execute(CloseableHttpClient.java:55)
	at org.apache.hc.client5.http.classic.HttpClient.executeOpen(HttpClient.java:183)
	at org.springframework.http.client.HttpComponentsClientHttpRequest.executeInternal(HttpComponentsClientHttpRequest.java:99)
	at org.springframework.http.client.AbstractStreamingClientHttpRequest.executeInternal(AbstractStreamingClientHttpRequest.java:70)
	at org.springframework.http.client.AbstractClientHttpRequest.execute(AbstractClientHttpRequest.java:66)
	at org.springframework.http.client.InterceptingClientHttpRequest$InterceptingRequestExecution.execute(InterceptingClientHttpRequest.java:112)
	at org.springframework.cloud.netflix.eureka.http.RestTemplateTransportClientFactory.lambda$restTemplate$3(RestTemplateTransportClientFactory.java:170)
	at org.springframework.http.client.InterceptingClientHttpRequest$InterceptingRequestExecution.execute(InterceptingClientHttpRequest.java:88)
	at org.springframework.http.client.InterceptingClientHttpRequest.executeInternal(InterceptingClientHttpRequest.java:72)
	at org.springframework.http.client.AbstractBufferingClientHttpRequest.executeInternal(AbstractBufferingClientHttpRequest.java:48)
	at org.springframework.http.client.AbstractClientHttpRequest.execute(AbstractClientHttpRequest.java:66)
	at org.springframework.web.client.RestTemplate.doExecute(RestTemplate.java:889)
	... 37 more

23-10-2024 23:14:20.110 [SpringApplicationShutdownHook] [-] WARN  inventory-svc-c.n.d.s.t.d.RetryableEurekaHttpClient.execute - Request execution failed with message: I/O error on DELETE request for "http://localhost:8761/eureka/apps/INVENTORY-SVC/localhost:inventory-svc:9010": Connect to http://localhost:8761 [localhost/127.0.0.1, localhost/0:0:0:0:0:0:0:1] failed: Connection refused: getsockopt
23-10-2024 23:14:20.123 [SpringApplicationShutdownHook] [-] INFO  inventory-svc-c.n.d.s.t.d.RedirectingEurekaHttpClient.execute - Request execution error. endpoint=DefaultEndpoint{ serviceUrl='http://localhost:8761/eureka/}, exception=I/O error on DELETE request for "http://localhost:8761/eureka/apps/INVENTORY-SVC/localhost:inventory-svc:9010": Connect to http://localhost:8761 [localhost/127.0.0.1, localhost/0:0:0:0:0:0:0:1] failed: Connection refused: getsockopt stacktrace=org.springframework.web.client.ResourceAccessException: I/O error on DELETE request for "http://localhost:8761/eureka/apps/INVENTORY-SVC/localhost:inventory-svc:9010": Connect to http://localhost:8761 [localhost/127.0.0.1, localhost/0:0:0:0:0:0:0:1] failed: Connection refused: getsockopt
	at org.springframework.web.client.RestTemplate.createResourceAccessException(RestTemplate.java:915)
	at org.springframework.web.client.RestTemplate.doExecute(RestTemplate.java:895)
	at org.springframework.web.client.RestTemplate.execute(RestTemplate.java:790)
	at org.springframework.web.client.RestTemplate.exchange(RestTemplate.java:672)
	at org.springframework.cloud.netflix.eureka.http.RestTemplateEurekaHttpClient.cancel(RestTemplateEurekaHttpClient.java:87)
	at com.netflix.discovery.shared.transport.decorator.EurekaHttpClientDecorator$2.execute(EurekaHttpClientDecorator.java:74)
	at com.netflix.discovery.shared.transport.decorator.RedirectingEurekaHttpClient.executeOnNewServer(RedirectingEurekaHttpClient.java:121)
	at com.netflix.discovery.shared.transport.decorator.RedirectingEurekaHttpClient.execute(RedirectingEurekaHttpClient.java:80)
	at com.netflix.discovery.shared.transport.decorator.EurekaHttpClientDecorator.cancel(EurekaHttpClientDecorator.java:71)
	at com.netflix.discovery.shared.transport.decorator.EurekaHttpClientDecorator$2.execute(EurekaHttpClientDecorator.java:74)
	at com.netflix.discovery.shared.transport.decorator.RetryableEurekaHttpClient.execute(RetryableEurekaHttpClient.java:120)
	at com.netflix.discovery.shared.transport.decorator.EurekaHttpClientDecorator.cancel(EurekaHttpClientDecorator.java:71)
	at com.netflix.discovery.shared.transport.decorator.EurekaHttpClientDecorator$2.execute(EurekaHttpClientDecorator.java:74)
	at com.netflix.discovery.shared.transport.decorator.SessionedEurekaHttpClient.execute(SessionedEurekaHttpClient.java:76)
	at com.netflix.discovery.shared.transport.decorator.EurekaHttpClientDecorator.cancel(EurekaHttpClientDecorator.java:71)
	at com.netflix.discovery.DiscoveryClient.unregister(DiscoveryClient.java:919)
	at com.netflix.discovery.DiscoveryClient.shutdown(DiscoveryClient.java:900)
	at java.base/jdk.internal.reflect.DirectMethodHandleAccessor.invoke(DirectMethodHandleAccessor.java:103)
	at java.base/java.lang.reflect.Method.invoke(Method.java:580)
	at org.springframework.beans.factory.annotation.InitDestroyAnnotationBeanPostProcessor$LifecycleMethod.invoke(InitDestroyAnnotationBeanPostProcessor.java:457)
	at org.springframework.beans.factory.annotation.InitDestroyAnnotationBeanPostProcessor$LifecycleMetadata.invokeDestroyMethods(InitDestroyAnnotationBeanPostProcessor.java:415)
	at org.springframework.beans.factory.annotation.InitDestroyAnnotationBeanPostProcessor.postProcessBeforeDestruction(InitDestroyAnnotationBeanPostProcessor.java:239)
	at org.springframework.beans.factory.support.DisposableBeanAdapter.destroy(DisposableBeanAdapter.java:202)
	at org.springframework.beans.factory.support.DisposableBeanAdapter.run(DisposableBeanAdapter.java:195)
	at org.springframework.cloud.context.scope.GenericScope$BeanLifecycleWrapper.destroy(GenericScope.java:389)
	at org.springframework.cloud.context.scope.GenericScope.destroy(GenericScope.java:136)
	at org.springframework.beans.factory.support.DisposableBeanAdapter.destroy(DisposableBeanAdapter.java:211)
	at org.springframework.beans.factory.support.DefaultSingletonBeanRegistry.destroyBean(DefaultSingletonBeanRegistry.java:587)
	at org.springframework.beans.factory.support.DefaultSingletonBeanRegistry.destroySingleton(DefaultSingletonBeanRegistry.java:559)
	at org.springframework.beans.factory.support.DefaultListableBeanFactory.destroySingleton(DefaultListableBeanFactory.java:1202)
	at org.springframework.beans.factory.support.DefaultSingletonBeanRegistry.destroySingletons(DefaultSingletonBeanRegistry.java:520)
	at org.springframework.beans.factory.support.DefaultListableBeanFactory.destroySingletons(DefaultListableBeanFactory.java:1195)
	at org.springframework.context.support.AbstractApplicationContext.destroyBeans(AbstractApplicationContext.java:1195)
	at org.springframework.context.support.AbstractApplicationContext.doClose(AbstractApplicationContext.java:1156)
	at org.springframework.boot.web.servlet.context.ServletWebServerApplicationContext.doClose(ServletWebServerApplicationContext.java:174)
	at org.springframework.context.support.AbstractApplicationContext.close(AbstractApplicationContext.java:1102)
	at org.springframework.boot.SpringApplicationShutdownHook.closeAndWait(SpringApplicationShutdownHook.java:145)
	at java.base/java.lang.Iterable.forEach(Iterable.java:75)
	at org.springframework.boot.SpringApplicationShutdownHook.run(SpringApplicationShutdownHook.java:114)
	at java.base/java.lang.Thread.run(Thread.java:1570)
Caused by: org.apache.hc.client5.http.HttpHostConnectException: Connect to http://localhost:8761 [localhost/127.0.0.1, localhost/0:0:0:0:0:0:0:1] failed: Connection refused: getsockopt
	at java.base/sun.nio.ch.Net.pollConnect(Native Method)
	at java.base/sun.nio.ch.Net.pollConnectNow(Net.java:682)
	at java.base/sun.nio.ch.NioSocketImpl.timedFinishConnect(NioSocketImpl.java:542)
	at java.base/sun.nio.ch.NioSocketImpl.connect(NioSocketImpl.java:592)
	at java.base/java.net.SocksSocketImpl.connect(SocksSocketImpl.java:327)
	at java.base/java.net.Socket.connect(Socket.java:752)
	at org.apache.hc.client5.http.socket.PlainConnectionSocketFactory.lambda$connectSocket$0(PlainConnectionSocketFactory.java:91)
	at java.base/java.security.AccessController.doPrivileged(AccessController.java:571)
	at org.apache.hc.client5.http.socket.PlainConnectionSocketFactory.connectSocket(PlainConnectionSocketFactory.java:90)
	at org.apache.hc.client5.http.socket.ConnectionSocketFactory.connectSocket(ConnectionSocketFactory.java:123)
	at org.apache.hc.client5.http.impl.io.DefaultHttpClientConnectionOperator.connect(DefaultHttpClientConnectionOperator.java:189)
	at org.apache.hc.client5.http.impl.io.PoolingHttpClientConnectionManager.connect(PoolingHttpClientConnectionManager.java:450)
	at org.apache.hc.client5.http.impl.classic.InternalExecRuntime.connectEndpoint(InternalExecRuntime.java:162)
	at org.apache.hc.client5.http.impl.classic.InternalExecRuntime.connectEndpoint(InternalExecRuntime.java:172)
	at org.apache.hc.client5.http.impl.classic.ConnectExec.execute(ConnectExec.java:142)
	at org.apache.hc.client5.http.impl.classic.ExecChainElement.execute(ExecChainElement.java:51)
	at org.apache.hc.client5.http.impl.classic.ProtocolExec.execute(ProtocolExec.java:192)
	at org.apache.hc.client5.http.impl.classic.ExecChainElement.execute(ExecChainElement.java:51)
	at org.apache.hc.client5.http.impl.classic.HttpRequestRetryExec.execute(HttpRequestRetryExec.java:113)
	at org.apache.hc.client5.http.impl.classic.ExecChainElement.execute(ExecChainElement.java:51)
	at org.apache.hc.client5.http.impl.classic.ContentCompressionExec.execute(ContentCompressionExec.java:152)
	at org.apache.hc.client5.http.impl.classic.ExecChainElement.execute(ExecChainElement.java:51)
	at org.apache.hc.client5.http.impl.classic.RedirectExec.execute(RedirectExec.java:116)
	at org.apache.hc.client5.http.impl.classic.ExecChainElement.execute(ExecChainElement.java:51)
	at org.apache.hc.client5.http.impl.classic.InternalHttpClient.doExecute(InternalHttpClient.java:170)
	at org.apache.hc.client5.http.impl.classic.CloseableHttpClient.execute(CloseableHttpClient.java:87)
	at org.apache.hc.client5.http.impl.classic.CloseableHttpClient.execute(CloseableHttpClient.java:55)
	at org.apache.hc.client5.http.classic.HttpClient.executeOpen(HttpClient.java:183)
	at org.springframework.http.client.HttpComponentsClientHttpRequest.executeInternal(HttpComponentsClientHttpRequest.java:99)
	at org.springframework.http.client.AbstractStreamingClientHttpRequest.executeInternal(AbstractStreamingClientHttpRequest.java:70)
	at org.springframework.http.client.AbstractClientHttpRequest.execute(AbstractClientHttpRequest.java:66)
	at org.springframework.http.client.InterceptingClientHttpRequest$InterceptingRequestExecution.execute(InterceptingClientHttpRequest.java:112)
	at org.springframework.cloud.netflix.eureka.http.RestTemplateTransportClientFactory.lambda$restTemplate$3(RestTemplateTransportClientFactory.java:170)
	at org.springframework.http.client.InterceptingClientHttpRequest$InterceptingRequestExecution.execute(InterceptingClientHttpRequest.java:88)
	at org.springframework.http.client.InterceptingClientHttpRequest.executeInternal(InterceptingClientHttpRequest.java:72)
	at org.springframework.http.client.AbstractBufferingClientHttpRequest.executeInternal(AbstractBufferingClientHttpRequest.java:48)
	at org.springframework.http.client.AbstractClientHttpRequest.execute(AbstractClientHttpRequest.java:66)
	at org.springframework.web.client.RestTemplate.doExecute(RestTemplate.java:889)
	... 38 more

23-10-2024 23:14:20.124 [SpringApplicationShutdownHook] [-] WARN  inventory-svc-c.n.d.s.t.d.RetryableEurekaHttpClient.execute - Request execution failed with message: I/O error on DELETE request for "http://localhost:8761/eureka/apps/INVENTORY-SVC/localhost:inventory-svc:9010": Connect to http://localhost:8761 [localhost/127.0.0.1, localhost/0:0:0:0:0:0:0:1] failed: Connection refused: getsockopt
23-10-2024 23:14:20.125 [SpringApplicationShutdownHook] [-] ERROR inventory-svc-c.netflix.discovery.DiscoveryClient.unregister - DiscoveryClient_INVENTORY-SVC/localhost:inventory-svc:9010 - de-registration failedCannot execute request on any known server
com.netflix.discovery.shared.transport.TransportException: Cannot execute request on any known server
	at com.netflix.discovery.shared.transport.decorator.RetryableEurekaHttpClient.execute(RetryableEurekaHttpClient.java:112)
	at com.netflix.discovery.shared.transport.decorator.EurekaHttpClientDecorator.cancel(EurekaHttpClientDecorator.java:71)
	at com.netflix.discovery.shared.transport.decorator.EurekaHttpClientDecorator$2.execute(EurekaHttpClientDecorator.java:74)
	at com.netflix.discovery.shared.transport.decorator.SessionedEurekaHttpClient.execute(SessionedEurekaHttpClient.java:76)
	at com.netflix.discovery.shared.transport.decorator.EurekaHttpClientDecorator.cancel(EurekaHttpClientDecorator.java:71)
	at com.netflix.discovery.DiscoveryClient.unregister(DiscoveryClient.java:919)
	at com.netflix.discovery.DiscoveryClient.shutdown(DiscoveryClient.java:900)
	at java.base/jdk.internal.reflect.DirectMethodHandleAccessor.invoke(DirectMethodHandleAccessor.java:103)
	at java.base/java.lang.reflect.Method.invoke(Method.java:580)
	at org.springframework.beans.factory.annotation.InitDestroyAnnotationBeanPostProcessor$LifecycleMethod.invoke(InitDestroyAnnotationBeanPostProcessor.java:457)
	at org.springframework.beans.factory.annotation.InitDestroyAnnotationBeanPostProcessor$LifecycleMetadata.invokeDestroyMethods(InitDestroyAnnotationBeanPostProcessor.java:415)
	at org.springframework.beans.factory.annotation.InitDestroyAnnotationBeanPostProcessor.postProcessBeforeDestruction(InitDestroyAnnotationBeanPostProcessor.java:239)
	at org.springframework.beans.factory.support.DisposableBeanAdapter.destroy(DisposableBeanAdapter.java:202)
	at org.springframework.beans.factory.support.DisposableBeanAdapter.run(DisposableBeanAdapter.java:195)
	at org.springframework.cloud.context.scope.GenericScope$BeanLifecycleWrapper.destroy(GenericScope.java:389)
	at org.springframework.cloud.context.scope.GenericScope.destroy(GenericScope.java:136)
	at org.springframework.beans.factory.support.DisposableBeanAdapter.destroy(DisposableBeanAdapter.java:211)
	at org.springframework.beans.factory.support.DefaultSingletonBeanRegistry.destroyBean(DefaultSingletonBeanRegistry.java:587)
	at org.springframework.beans.factory.support.DefaultSingletonBeanRegistry.destroySingleton(DefaultSingletonBeanRegistry.java:559)
	at org.springframework.beans.factory.support.DefaultListableBeanFactory.destroySingleton(DefaultListableBeanFactory.java:1202)
	at org.springframework.beans.factory.support.DefaultSingletonBeanRegistry.destroySingletons(DefaultSingletonBeanRegistry.java:520)
	at org.springframework.beans.factory.support.DefaultListableBeanFactory.destroySingletons(DefaultListableBeanFactory.java:1195)
	at org.springframework.context.support.AbstractApplicationContext.destroyBeans(AbstractApplicationContext.java:1195)
	at org.springframework.context.support.AbstractApplicationContext.doClose(AbstractApplicationContext.java:1156)
	at org.springframework.boot.web.servlet.context.ServletWebServerApplicationContext.doClose(ServletWebServerApplicationContext.java:174)
	at org.springframework.context.support.AbstractApplicationContext.close(AbstractApplicationContext.java:1102)
	at org.springframework.boot.SpringApplicationShutdownHook.closeAndWait(SpringApplicationShutdownHook.java:145)
	at java.base/java.lang.Iterable.forEach(Iterable.java:75)
	at org.springframework.boot.SpringApplicationShutdownHook.run(SpringApplicationShutdownHook.java:114)
	at java.base/java.lang.Thread.run(Thread.java:1570)
23-10-2024 23:14:20.125 [SpringApplicationShutdownHook] [-] INFO  inventory-svc-c.netflix.discovery.DiscoveryClient.shutdown - Completed shut down of DiscoveryClient
